Component: ARM Compiler 5.06 update 7 (build 960) Tool: armlink [4d3601]

==============================================================================

Section Cross References

    startup_stm32f407xx.o(STACK) refers (Special) to heapauxi.o(.text) for __use_two_region_memory
    startup_stm32f407xx.o(HEAP) refers (Special) to heapauxi.o(.text) for __use_two_region_memory
    startup_stm32f407xx.o(RESET) refers (Special) to heapauxi.o(.text) for __use_two_region_memory
    startup_stm32f407xx.o(RESET) refers to startup_stm32f407xx.o(STACK) for __initial_sp
    startup_stm32f407xx.o(RESET) refers to startup_stm32f407xx.o(.text) for Reset_Handler
    startup_stm32f407xx.o(RESET) refers to stm32f4xx_it.o(i.NMI_Handler) for NMI_Handler
    startup_stm32f407xx.o(RESET) refers to stm32f4xx_it.o(i.HardFault_Handler) for HardFault_Handler
    startup_stm32f407xx.o(RESET) refers to stm32f4xx_it.o(i.MemManage_Handler) for MemManage_Handler
    startup_stm32f407xx.o(RESET) refers to stm32f4xx_it.o(i.BusFault_Handler) for BusFault_Handler
    startup_stm32f407xx.o(RESET) refers to stm32f4xx_it.o(i.UsageFault_Handler) for UsageFault_Handler
    startup_stm32f407xx.o(RESET) refers to stm32f4xx_it.o(i.SVC_Handler) for SVC_Handler
    startup_stm32f407xx.o(RESET) refers to stm32f4xx_it.o(i.DebugMon_Handler) for DebugMon_Handler
    startup_stm32f407xx.o(RESET) refers to stm32f4xx_it.o(i.PendSV_Handler) for PendSV_Handler
    startup_stm32f407xx.o(RESET) refers to stm32f4xx_it.o(i.SysTick_Handler) for SysTick_Handler
    startup_stm32f407xx.o(RESET) refers to stm32f4xx_it.o(i.CAN1_RX0_IRQHandler) for CAN1_RX0_IRQHandler
    startup_stm32f407xx.o(RESET) refers to remote_control.o(i.USART3_IRQHandler) for USART3_IRQHandler
    startup_stm32f407xx.o(RESET) refers to stm32f4xx_it.o(i.CAN2_RX0_IRQHandler) for CAN2_RX0_IRQHandler
    startup_stm32f407xx.o(.text) refers (Special) to heapauxi.o(.text) for __use_two_region_memory
    startup_stm32f407xx.o(.text) refers to system_stm32f4xx_1.o(i.SystemInit) for SystemInit
    startup_stm32f407xx.o(.text) refers to __main.o(!!!main) for __main
    startup_stm32f407xx.o(.text) refers to startup_stm32f407xx.o(HEAP) for Heap_Mem
    startup_stm32f407xx.o(.text) refers to startup_stm32f407xx.o(STACK) for Stack_Mem
    main.o(i.SystemClock_Config) refers to rt_memclr_w.o(.text) for __aeabi_memclr4
    main.o(i.SystemClock_Config) refers to stm32f4xx_hal_rcc.o(i.HAL_RCC_OscConfig) for HAL_RCC_OscConfig
    main.o(i.SystemClock_Config) refers to main.o(i.Error_Handler) for Error_Handler
    main.o(i.SystemClock_Config) refers to stm32f4xx_hal_rcc.o(i.HAL_RCC_ClockConfig) for HAL_RCC_ClockConfig
    main.o(i.main) refers to stm32f4xx_hal.o(i.HAL_Init) for HAL_Init
    main.o(i.main) refers to main.o(i.SystemClock_Config) for SystemClock_Config
    main.o(i.main) refers to gpio.o(i.MX_GPIO_Init) for MX_GPIO_Init
    main.o(i.main) refers to can.o(i.MX_CAN1_Init) for MX_CAN1_Init
    main.o(i.main) refers to can.o(i.MX_CAN2_Init) for MX_CAN2_Init
    main.o(i.main) refers to dma.o(i.MX_DMA_Init) for MX_DMA_Init
    main.o(i.main) refers to usart.o(i.MX_USART1_UART_Init) for MX_USART1_UART_Init
    main.o(i.main) refers to usart.o(i.MX_USART3_UART_Init) for MX_USART3_UART_Init
    main.o(i.main) refers to tim.o(i.MX_TIM8_Init) for MX_TIM8_Init
    main.o(i.main) refers to tim.o(i.MX_TIM1_Init) for MX_TIM1_Init
    main.o(i.main) refers to bsp_fric.o(i.fric_off) for fric_off
    main.o(i.main) refers to bsp_can.o(i.can_filter_init) for can_filter_init
    main.o(i.main) refers to remote_control.o(i.remote_control_init) for remote_control_init
    main.o(i.main) refers to bsp_usart.o(i.usart1_tx_dma_init) for usart1_tx_dma_init
    main.o(i.main) refers to remote_control.o(i.get_remote_control_point) for get_remote_control_point
    main.o(i.main) refers to stm32f4xx_hal_tim.o(i.HAL_TIM_Base_Start) for HAL_TIM_Base_Start
    main.o(i.main) refers to stm32f4xx_hal_tim.o(i.HAL_TIM_PWM_Start) for HAL_TIM_PWM_Start
    main.o(i.main) refers to chassis.o(i.chassisInit) for chassisInit
    main.o(i.main) refers to turret.o(i.turretInit) for turretInit
    main.o(i.main) refers to turret.o(i.turretLoop) for turretLoop
    main.o(i.main) refers to stm32f4xx_hal.o(i.HAL_Delay) for HAL_Delay
    main.o(i.main) refers to can_receive.o(i.get_trigger_motor_measure_point) for get_trigger_motor_measure_point
    main.o(i.main) refers to main.o(.data) for local_rc_ctrl
    main.o(i.main) refers to tim.o(.bss) for htim1
    can.o(i.HAL_CAN_MspDeInit) refers to stm32f4xx_hal_gpio.o(i.HAL_GPIO_DeInit) for HAL_GPIO_DeInit
    can.o(i.HAL_CAN_MspDeInit) refers to stm32f4xx_hal_cortex.o(i.HAL_NVIC_DisableIRQ) for HAL_NVIC_DisableIRQ
    can.o(i.HAL_CAN_MspDeInit) refers to can.o(.data) for HAL_RCC_CAN1_CLK_ENABLED
    can.o(i.HAL_CAN_MspInit) refers to rt_memclr_w.o(.text) for __aeabi_memclr4
[...]
    ..\\Src\\constants.c                     0x00000000   Number         0  constants.o ABSOLUTE
    ..\\Src\\dma.c                           0x00000000   Number         0  dma.o ABSOLUTE
    ..\\Src\\pid.c                           0x00000000   Number         0  pid.o ABSOLUTE
    ..\\Src\\tim.c                           0x00000000   Number         0  tim.o ABSOLUTE
    ..\\Src\\turret.c                        0x00000000   Number         0  turret.o ABSOLUTE
    ..\\Src\\usart.c                         0x00000000   Number         0  usart.o ABSOLUTE
    ..\\application\\CAN_receive.c           0x00000000   Number         0  can_receive.o ABSOLUTE
    ..\\application\\remote_control.c        0x00000000   Number         0  remote_control.o ABSOLUTE
    ..\\bsp\\boards\\bsp_can.c               0x00000000   Number         0  bsp_can.o ABSOLUTE
    ..\\bsp\\boards\\bsp_fric.c              0x00000000   Number         0  bsp_fric.o ABSOLUTE
    ..\\bsp\\boards\\bsp_rc.c                0x00000000   Number         0  bsp_rc.o ABSOLUTE
    ..\\bsp\\boards\\bsp_usart.c             0x00000000   Number         0  bsp_usart.o ABSOLUTE
    ..\application\CAN_receive.c             0x00000000   Number         0  can_receive.o ABSOLUTE
    ..\application\remote_control.c          0x00000000   Number         0  remote_control.o ABSOLUTE
    ..\bsp\boards\bsp_can.c                  0x00000000   Number         0  bsp_can.o ABSOLUTE
    ..\bsp\boards\bsp_fric.c                 0x00000000   Number         0  bsp_fric.o ABSOLUTE
    ..\bsp\boards\bsp_rc.c                   0x00000000   Number         0  bsp_rc.o ABSOLUTE
    ..\bsp\boards\bsp_usart.c                0x00000000   Number         0  bsp_usart.o ABSOLUTE
    dc.s                                     0x00000000   Number         0  dc.o ABSOLUTE
    startup_stm32f407xx.s                    0x00000000   Number         0  startup_stm32f407xx.o ABSOLUTE
    RESET                                    0x08000000   Section      392  startup_stm32f407xx.o(RESET)
    !!!main                                  0x08000188   Section        8  __main.o(!!!main)
    !!!scatter                               0x08000190   Section       52  __scatter.o(!!!scatter)
    !!handler_copy                           0x080001c4   Section       26  __scatter_copy.o(!!handler_copy)
    !!handler_zi                             0x080001e0   Section       28  __scatter_zi.o(!!handler_zi)
    .ARM.Collect$$libinit$$00000000          0x080001fc   Section        2  libinit.o(.ARM.Collect$$libinit$$00000000)
    .ARM.Collect$$libinit$$00000001          0x080001fe   Section        4  libinit2.o(.ARM.Collect$$libinit$$00000001)
    .ARM.Collect$$libinit$$00000004          0x08000202   Section        0  libinit2.o(.ARM.Collect$$libinit$$00000004)
    .ARM.Collect$$libinit$$0000000A          0x08000202   Section        0  libinit2.o(.ARM.Collect$$libinit$$0000000A)
    .ARM.Collect$$libinit$$0000000C          0x08000202   Section        0  libinit2.o(.ARM.Collect$$libinit$$0000000C)
    .ARM.Collect$$libinit$$0000000E          0x08000202   Section        0  libinit2.o(.ARM.Collect$$libinit$$0000000E)
    .ARM.Collect$$libinit$$00000011          0x08000202   Section        0  libinit2.o(.ARM.Collect$$libinit$$00000011)
    .ARM.Collect$$libinit$$00000013          0x08000202   Section        0  libinit2.o(.ARM.Collect$$libinit$$00000013)
    .ARM.Collect$$libinit$$00000015          0x08000202   Section        0  libinit2.o(.ARM.Collect$$libinit$$00000015)
    .ARM.Collect$$libinit$$00000017          0x08000202   Section        0  libinit2.o(.ARM.Collect$$libinit$$00000017)
    .ARM.Collect$$libinit$$00000019          0x08000202   Section        0  libinit2.o(.ARM.Collect$$libinit$$00000019)
    .ARM.Collect$$libinit$$0000001B          0x08000202   Section        0  libinit2.o(.ARM.Collect$$libinit$$0000001B)
    .ARM.Collect$$libinit$$0000001D          0x08000202   Section        0  libinit2.o(.ARM.Collect$$libinit$$0000001D)
    .ARM.Collect$$libinit$$0000001F          0x08000202   Section        0  libinit2.o(.ARM.Collect$$libinit$$0000001F)
    .ARM.Collect$$libinit$$00000021          0x08000202   Section        0  libinit2.o(.ARM.Collect$$libinit$$00000021)
    .ARM.Collect$$libinit$$00000023          0x08000202   Section        0  libinit2.o(.ARM.Collect$$libinit$$00000023)
    .ARM.Collect$$libinit$$00000025          0x08000202   Section        0  libinit2.o(.ARM.Collect$$libinit$$00000025)
    .ARM.Collect$$libinit$$0000002C          0x08000202   Section        0  libinit2.o(.ARM.Collect$$libinit$$0000002C)
    .ARM.Collect$$libinit$$0000002E          0x08000202   Section        0  libinit2.o(.ARM.Collect$$libinit$$0000002E)
    .ARM.Collect$$libinit$$00000030          0x08000202   Section        0  libinit2.o(.ARM.Collect$$libinit$$00000030)
    .ARM.Collect$$libinit$$00000032          0x08000202   Section        0  libinit2.o(.ARM.Collect$$libinit$$00000032)
    .ARM.Collect$$libinit$$00000033          0x08000202   Section        2  libinit2.o(.ARM.Collect$$libinit$$00000033)
    .ARM.Collect$$libshutdown$$00000000      0x08000204   Section        2  libshutdown.o(.ARM.Collect$$libshutdown$$00000000)
    .ARM.Collect$$libshutdown$$00000002      0x08000206   Section        0  libshutdown2.o(.ARM.Collect$$libshutdown$$00000002)
    .ARM.Collect$$libshutdown$$00000004      0x08000206   Section        0  libshutdown2.o(.ARM.Collect$$libshutdown$$00000004)
    .ARM.Collect$$libshutdown$$00000006      0x08000206   Section        0  libshutdown2.o(.ARM.Collect$$libshutdown$$00000006)
    .ARM.Collect$$libshutdown$$00000009      0x08000206   Section        0  libshutdown2.o(.ARM.Collect$$libshutdown$$00000009)
    .ARM.Collect$$libshutdown$$0000000C      0x08000206   Section        0  libshutdown2.o(.ARM.Collect$$libshutdown$$0000000C)
    .ARM.Collect$$libshutdown$$0000000E      0x08000206   Section        0  libshutdown2.o(.ARM.Collect$$libshutdown$$0000000E)
    .ARM.Collect$$libshutdown$$00000011      0x08000206   Section        0  libshutdown2.o(.ARM.Collect$$libshutdown$$00000011)
    .ARM.Collect$$libshutdown$$00000012      0x08000206   Section        2  libshutdown2.o(.ARM.Collect$$libshutdown$$00000012)
    .ARM.Collect$$rtentry$$00000000          0x08000208   Section        0  __rtentry.o(.ARM.Collect$$rtentry$$00000000)
    .ARM.Collect$$rtentry$$00000002          0x08000208   Section        0  __rtentry2.o(.ARM.Collect$$rtentry$$00000002)
    .ARM.Collect$$rtentry$$00000004          0x08000208   Section        6  __rtentry4.o(.ARM.Collect$$rtentry$$00000004)
    .ARM.Collect$$rtentry$$00000009          0x0800020e   Section        0  __rtentry2.o(.ARM.Collect$$rtentry$$00000009)
    .ARM.Collect$$rtentry$$0000000A          0x0800020e   Section        4  __rtentry2.o(.ARM.Collect$$rtentry$$0000000A)
    .ARM.Collect$$rtentry$$0000000C          0x08000212   Section        0  __rtentry2.o(.ARM.Collect$$rtentry$$0000000C)
    .ARM.Collect$$rtentry$$0000000D          0x08000212   Section        8  __rtentry2.o(.ARM.Collect$$rtentry$$0000000D)
    .ARM.Collect$$rtexit$$00000000           0x0800021a   Section        2  rtexit.o(.ARM.Collect$$rtexit$$00000000)
    .ARM.Collect$$rtexit$$00000002           0x0800021c   Section        0  rtexit2.o(.ARM.Collect$$rtexit$$00000002)
    .ARM.Collect$$rtexit$$00000003           0x0800021c   Section        4  rtexit2.o(.ARM.Collect$$rtexit$$00000003)
    .ARM.Collect$$rtexit$$00000004           0x08000220   Section        6  rtexit2.o(.ARM.Collect$$rtexit$$00000004)
    .text                                    0x08000228   Section       64  startup_stm32f407xx.o(.text)
    $v0                                      0x08000228   Number         0  startup_stm32f407xx.o(.text)
    .text                                    0x08000268   Section      238  lludivv7m.o(.text)
    .text                                    0x08000356   Section       78  rt_memclr_w.o(.text)
    .text                                    0x080003a4   Section        0  heapauxi.o(.text)
    .text                                    0x080003aa   Section       74  sys_stackheap_outer.o(.text)
    .text                                    0x080003f4   Section        0  exit.o(.text)
    .text                                    0x08000408   Section        8  libspace.o(.text)
    .text                                    0x08000410   Section        0  sys_exit.o(.text)
    .text                                    0x0800041c   Section        2  use_no_semi.o(.text)
    .text                                    0x0800041e   Section        0  indicate_semi.o(.text)
    i.BusFault_Handler                       0x0800041e   Section        0  stm32f4xx_it.o(i.BusFault_Handler)
    i.CAN1_RX0_IRQHandler                    0x08000424   Section        0  stm32f4xx_it.o(i.CAN1_RX0_IRQHandler)
    i.CAN2_RX0_IRQHandler                    0x08000434   Section        0  stm32f4xx_it.o(i.CAN2_RX0_IRQHandler)
    i.CAN_cmd_gimbal_working                 0x08000444   Section        0  can_receive.o(i.CAN_cmd_gimbal_working)
    i.DMA_CalcBaseAndBitshift                0x08000494   Section        0  stm32f4xx_hal_dma.o(i.DMA_CalcBaseAndBitshift)
    DMA_CalcBaseAndBitshift                  0x08000495   Thumb Code    46  stm32f4xx_hal_dma.o(i.DMA_CalcBaseAndBitshift)
    i.DMA_CheckFifoParam                     0x080004c8   Section        0  stm32f4xx_hal_dma.o(i.DMA_CheckFifoParam)
    DMA_CheckFifoParam                       0x080004c9   Thumb Code   170  stm32f4xx_hal_dma.o(i.DMA_CheckFifoParam)
    i.DebugMon_Handler                       0x08000572   Section        0  stm32f4xx_it.o(i.DebugMon_Handler)
    i.Error_Handler                          0x08000574   Section        0  main.o(i.Error_Handler)
    i.HAL_CAN_ActivateNotification           0x08000576   Section        0  stm32f4xx_hal_can.o(i.HAL_CAN_ActivateNotification)
    i.HAL_CAN_AddTxMessage                   0x080005a0   Section        0  stm32f4xx_hal_can.o(i.HAL_CAN_AddTxMessage)
    i.HAL_CAN_ConfigFilter                   0x080006f8   Section        0  stm32f4xx_hal_can.o(i.HAL_CAN_ConfigFilter)
    i.HAL_CAN_ErrorCallback                  0x0800081c   Section        0  stm32f4xx_hal_can.o(i.HAL_CAN_ErrorCallback)
    i.HAL_CAN_GetRxMessage                   0x0800081e   Section        0  stm32f4xx_hal_can.o(i.HAL_CAN_GetRxMessage)
    i.HAL_CAN_IRQHandler                     0x0800099a   Section        0  stm32f4xx_hal_can.o(i.HAL_CAN_IRQHandler)
    i.HAL_CAN_Init                           0x08000be8   Section        0  stm32f4xx_hal_can.o(i.HAL_CAN_Init)
    i.HAL_CAN_MspInit                        0x08000d5c   Section        0  can.o(i.HAL_CAN_MspInit)
    i.HAL_CAN_RxFifo0FullCallback            0x08000ebc   Section        0  stm32f4xx_hal_can.o(i.HAL_CAN_RxFifo0FullCallback)
    i.HAL_CAN_RxFifo0MsgPendingCallback      0x08000ec0   Section        0  can_receive.o(i.HAL_CAN_RxFifo0MsgPendingCallback)
    i.HAL_CAN_RxFifo1FullCallback            0x080010ec   Section        0  stm32f4xx_hal_can.o(i.HAL_CAN_RxFifo1FullCallback)
    i.HAL_CAN_RxFifo1MsgPendingCallback      0x080010ee   Section        0  stm32f4xx_hal_can.o(i.HAL_CAN_RxFifo1MsgPendingCallback)
    i.HAL_CAN_SleepCallback                  0x080010f0   Section        0  stm32f4xx_hal_can.o(i.HAL_CAN_SleepCallback)
    i.HAL_CAN_Start                          0x080010f2   Section        0  stm32f4xx_hal_can.o(i.HAL_CAN_Start)
    i.HAL_CAN_TxMailbox0AbortCallback        0x08001150   Section        0  stm32f4xx_hal_can.o(i.HAL_CAN_TxMailbox0AbortCallback)
    i.HAL_CAN_TxMailbox0CompleteCallback     0x08001152   Section        0  stm32f4xx_hal_can.o(i.HAL_CAN_TxMailbox0CompleteCallback)
    i.HAL_CAN_TxMailbox1AbortCallback        0x08001154   Section        0  stm32f4xx_hal_can.o(i.HAL_CAN_TxMailbox1AbortCallback)
    i.HAL_CAN_TxMailbox1CompleteCallback     0x08001156   Section        0  stm32f4xx_hal_can.o(i.HAL_CAN_TxMailbox1CompleteCallback)
    i.HAL_CAN_TxMailbox2AbortCallback        0x08001158   Section        0  stm32f4xx_hal_can.o(i.HAL_CAN_TxMailbox2AbortCallback)
    i.HAL_CAN_TxMailbox2CompleteCallback     0x0800115a   Section        0  stm32f4xx_hal_can.o(i.HAL_CAN_TxMailbox2CompleteCallback)
    i.HAL_CAN_WakeUpFromRxMsgCallback        0x0800115c   Section        0  stm32f4xx_hal_can.o(i.HAL_CAN_WakeUpFromRxMsgCallback)
    i.HAL_DMA_Init                           0x08001160   Section        0  stm32f4xx_hal_dma.o(i.HAL_DMA_Init)
    i.HAL_Delay                              0x0800124c   Section        0  stm32f4xx_hal.o(i.HAL_Delay)
    i.HAL_GPIO_Init                          0x08001274   Section        0  stm32f4xx_hal_gpio.o(i.HAL_GPIO_Init)
    i.HAL_GetTick                            0x08001474   Section        0  stm32f4xx_hal.o(i.HAL_GetTick)
    i.HAL_IncTick                            0x08001480   Section        0  stm32f4xx_hal.o(i.HAL_IncTick)
    i.HAL_Init                               0x08001498   Section        0  stm32f4xx_hal.o(i.HAL_Init)
    i.HAL_InitTick                           0x080014d4   Section        0  stm32f4xx_hal.o(i.HAL_InitTick)
    i.HAL_MspInit                            0x08001520   Section        0  stm32f4xx_hal_msp.o(i.HAL_MspInit)
    i.HAL_NVIC_EnableIRQ                     0x08001568   Section        0  stm32f4xx_hal_cortex.o(i.HAL_NVIC_EnableIRQ)
    i.HAL_NVIC_SetPriority                   0x08001588   Section        0  stm32f4xx_hal_cortex.o(i.HAL_NVIC_SetPriority)
    i.HAL_NVIC_SetPriorityGrouping           0x08001604   Section        0  stm32f4xx_hal_cortex.o(i.HAL_NVIC_SetPriorityGrouping)
    i.HAL_RCC_ClockConfig                    0x0800162c   Section        0  stm32f4xx_hal_rcc.o(i.HAL_RCC_ClockConfig)
    i.HAL_RCC_GetHCLKFreq                    0x080017ac   Section        0  stm32f4xx_hal_rcc.o(i.HAL_RCC_GetHCLKFreq)
    i.HAL_RCC_GetPCLK1Freq                   0x080017b8   Section        0  stm32f4xx_hal_rcc.o(i.HAL_RCC_GetPCLK1Freq)
    i.HAL_RCC_GetPCLK2Freq                   0x080017d8   Section        0  stm32f4xx_hal_rcc.o(i.HAL_RCC_GetPCLK2Freq)
    i.HAL_RCC_GetSysClockFreq                0x080017f8   Section        0  stm32f4xx_hal_rcc.o(i.HAL_RCC_GetSysClockFreq)
    i.HAL_RCC_OscConfig                      0x080018a8   Section        0  stm32f4xx_hal_rcc.o(i.HAL_RCC_OscConfig)
    i.HAL_SYSTICK_Config                     0x08001cf0   Section        0  stm32f4xx_hal_cortex.o(i.HAL_SYSTICK_Config)
    i.HAL_TIMEx_ConfigBreakDeadTime          0x08001d24   Section        0  stm32f4xx_hal_tim_ex.o(i.HAL_TIMEx_ConfigBreakDeadTime)
    i.HAL_TIMEx_MasterConfigSynchronization  0x08001d98   Section        0  stm32f4xx_hal_tim_ex.o(i.HAL_TIMEx_MasterConfigSynchronization)
    i.HAL_TIM_Base_Init                      0x08001dec   Section        0  stm32f4xx_hal_tim.o(i.HAL_TIM_Base_Init)
    i.HAL_TIM_Base_MspInit                   0x08001e20   Section        0  tim.o(i.HAL_TIM_Base_MspInit)
    i.HAL_TIM_Base_Start                     0x08001e80   Section        0  stm32f4xx_hal_tim.o(i.HAL_TIM_Base_Start)
    i.HAL_TIM_ConfigClockSource              0x08001eaa   Section        0  stm32f4xx_hal_tim.o(i.HAL_TIM_ConfigClockSource)
    i.HAL_TIM_MspPostInit                    0x08001fb4   Section        0  tim.o(i.HAL_TIM_MspPostInit)
    i.HAL_TIM_PWM_ConfigChannel              0x080020c0   Section        0  stm32f4xx_hal_tim.o(i.HAL_TIM_PWM_ConfigChannel)
    i.HAL_TIM_PWM_Init                       0x080021c8   Section        0  stm32f4xx_hal_tim.o(i.HAL_TIM_PWM_Init)
    i.HAL_TIM_PWM_MspInit                    0x080021fc   Section        0  stm32f4xx_hal_tim.o(i.HAL_TIM_PWM_MspInit)
    i.HAL_TIM_PWM_Start                      0x08002200   Section        0  stm32f4xx_hal_tim.o(i.HAL_TIM_PWM_Start)
    i.HAL_UART_Init                          0x08002258   Section        0  stm32f4xx_hal_uart.o(i.HAL_UART_Init)
    i.HAL_UART_MspInit                       0x080022cc   Section        0  usart.o(i.HAL_UART_MspInit)
    i.HardFault_Handler                      0x080024c4   Section        0  stm32f4xx_it.o(i.HardFault_Handler)
    i.MX_CAN1_Init                           0x080024c8   Section        0  can.o(i.MX_CAN1_Init)
    i.MX_CAN2_Init                           0x0800250c   Section        0  can.o(i.MX_CAN2_Init)
    i.MX_DMA_Init                            0x08002550   Section        0  dma.o(i.MX_DMA_Init)
    i.MX_GPIO_Init                           0x080025b8   Section        0  gpio.o(i.MX_GPIO_Init)
    i.MX_TIM1_Init                           0x0800263c   Section        0  tim.o(i.MX_TIM1_Init)
    i.MX_TIM8_Init                           0x08002748   Section        0  tim.o(i.MX_TIM8_Init)
    i.MX_USART1_UART_Init                    0x08002844   Section        0  usart.o(i.MX_USART1_UART_Init)
    i.MX_USART3_UART_Init                    0x0800287c   Section        0  usart.o(i.MX_USART3_UART_Init)
    i.MemManage_Handler                      0x080028b8   Section        0  stm32f4xx_it.o(i.MemManage_Handler)
    i.NMI_Handler                            0x080028bc   Section        0  stm32f4xx_it.o(i.NMI_Handler)
    i.PendSV_Handler                         0x080028be   Section        0  stm32f4xx_it.o(i.PendSV_Handler)
    i.RC_init                                0x080028c0   Section        0  bsp_rc.o(i.RC_init)
    i.SVC_Handler                            0x0800295c   Section        0  stm32f4xx_it.o(i.SVC_Handler)
    i.SysTick_Handler                        0x0800295e   Section        0  stm32f4xx_it.o(i.SysTick_Handler)
    i.SystemClock_Config                     0x08002968   Section        0  main.o(i.SystemClock_Config)
    i.SystemInit                             0x08002a1c   Section        0  system_stm32f4xx_1.o(i.SystemInit)
    i.TIM_Base_SetConfig                     0x08002a80   Section        0  stm32f4xx_hal_tim.o(i.TIM_Base_SetConfig)
    i.TIM_CCxChannelCmd                      0x08002b58   Section        0  stm32f4xx_hal_tim.o(i.TIM_CCxChannelCmd)
    i.TIM_ETR_SetConfig                      0x08002b7a   Section        0  stm32f4xx_hal_tim.o(i.TIM_ETR_SetConfig)
    i.TIM_ITRx_SetConfig                     0x08002b90   Section        0  stm32f4xx_hal_tim.o(i.TIM_ITRx_SetConfig)
    TIM_ITRx_SetConfig                       0x08002b91   Thumb Code    18  stm32f4xx_hal_tim.o(i.TIM_ITRx_SetConfig)
    i.TIM_OC1_SetConfig                      0x08002ba4   Section        0  stm32f4xx_hal_tim.o(i.TIM_OC1_SetConfig)
    TIM_OC1_SetConfig                        0x08002ba5   Thumb Code   104  stm32f4xx_hal_tim.o(i.TIM_OC1_SetConfig)
    i.TIM_OC2_SetConfig                      0x08002c14   Section        0  stm32f4xx_hal_tim.o(i.TIM_OC2_SetConfig)
    i.TIM_OC3_SetConfig                      0x08002c90   Section        0  stm32f4xx_hal_tim.o(i.TIM_OC3_SetConfig)
    TIM_OC3_SetConfig                        0x08002c91   Thumb Code   112  stm32f4xx_hal_tim.o(i.TIM_OC3_SetConfig)
    i.TIM_OC4_SetConfig                      0x08002d08   Section        0  stm32f4xx_hal_tim.o(i.TIM_OC4_SetConfig)
    TIM_OC4_SetConfig                        0x08002d09   Thumb Code    74  stm32f4xx_hal_tim.o(i.TIM_OC4_SetConfig)
    i.TIM_TI1_ConfigInputStage               0x08002d5c   Section        0  stm32f4xx_hal_tim.o(i.TIM_TI1_ConfigInputStage)
    TIM_TI1_ConfigInputStage                 0x08002d5d   Thumb Code    38  stm32f4xx_hal_tim.o(i.TIM_TI1_ConfigInputStage)
    i.TIM_TI2_ConfigInputStage               0x08002d82   Section        0  stm32f4xx_hal_tim.o(i.TIM_TI2_ConfigInputStage)
    TIM_TI2_ConfigInputStage                 0x08002d83   Thumb Code    40  stm32f4xx_hal_tim.o(i.TIM_TI2_ConfigInputStage)
    i.UART_SetConfig                         0x08002dac   Section        0  stm32f4xx_hal_uart.o(i.UART_SetConfig)
    UART_SetConfig                           0x08002dad   Thumb Code   864  stm32f4xx_hal_uart.o(i.UART_SetConfig)
    i.USART3_IRQHandler                      0x08003114   Section        0  remote_control.o(i.USART3_IRQHandler)
    i.UsageFault_Handler                     0x08003238   Section        0  stm32f4xx_it.o(i.UsageFault_Handler)
    i.__NVIC_GetPriorityGrouping             0x0800323c   Section        0  stm32f4xx_hal_cortex.o(i.__NVIC_GetPriorityGrouping)
    __NVIC_GetPriorityGrouping               0x0800323d   Thumb Code    10  stm32f4xx_hal_cortex.o(i.__NVIC_GetPriorityGrouping)
    i.__NVIC_SetPriority                     0x0800324c   Section        0  stm32f4xx_hal_cortex.o(i.__NVIC_SetPriority)
    __NVIC_SetPriority                       0x0800324d   Thumb Code    32  stm32f4xx_hal_cortex.o(i.__NVIC_SetPriority)
    i.absValueFloat                          0x08003274   Section        0  pid.o(i.absValueFloat)
    i.calculateProportional                  0x08003290   Section        0  pid.o(i.calculateProportional)
    i.calculateTurret                        0x08003388   Section        0  turret.o(i.calculateTurret)
    i.can_filter_init                        0x080034c8   Section        0  bsp_can.o(i.can_filter_init)
    i.chassisInit                            0x08003524   Section        0  chassis.o(i.chassisInit)
    i.fric_off                               0x08003528   Section        0  bsp_fric.o(i.fric_off)
    i.fric_on                                0x08003560   Section        0  bsp_fric.o(i.fric_on)
    i.get_pitch_gimbal_motor_measure_point   0x08003594   Section        0  can_receive.o(i.get_pitch_gimbal_motor_measure_point)
    i.get_remote_control_point               0x0800359c   Section        0  remote_control.o(i.get_remote_control_point)
    i.get_trigger_motor_measure_point        0x080035a4   Section        0  can_receive.o(i.get_trigger_motor_measure_point)
    i.get_yaw_gimbal_motor_measure_point     0x080035ac   Section        0  can_receive.o(i.get_yaw_gimbal_motor_measure_point)
    i.main                                   0x080035b4   Section        0  main.o(i.main)
    i.remote_control_init                    0x0800366c   Section        0  remote_control.o(i.remote_control_init)
    i.sbus_to_rc                             0x08003680   Section        0  remote_control.o(i.sbus_to_rc)
    sbus_to_rc                               0x08003681   Thumb Code   218  remote_control.o(i.sbus_to_rc)
    i.turretInit                             0x0800375c   Section        0  turret.o(i.turretInit)
    i.turretLoop                             0x080037a4   Section        0  turret.o(i.turretLoop)
    i.usart1_tx_dma_init                     0x08003978   Section        0  bsp_usart.o(i.usart1_tx_dma_init)
    x$fpl$d2f                                0x08003990   Section       98  d2f.o(x$fpl$d2f)
    $v0                                      0x08003990   Number         0  d2f.o(x$fpl$d2f)
    x$fpl$dmul                               0x080039f4   Section      340  dmul.o(x$fpl$dmul)
    $v0                                      0x080039f4   Number         0  dmul.o(x$fpl$dmul)
    x$fpl$dnaninf                            0x08003b48   Section      156  dnaninf.o(x$fpl$dnaninf)
    $v0                                      0x08003b48   Number         0  dnaninf.o(x$fpl$dnaninf)
    x$fpl$dretinf                            0x08003be4   Section       12  dretinf.o(x$fpl$dretinf)
    $v0                                      0x08003be4   Number         0  dretinf.o(x$fpl$dretinf)
    x$fpl$f2d                                0x08003bf0   Section       86  f2d.o(x$fpl$f2d)
    $v0                                      0x08003bf0   Number         0  f2d.o(x$fpl$f2d)
    x$fpl$fnaninf                            0x08003c46   Section      140  fnaninf.o(x$fpl$fnaninf)
    $v0                                      0x08003c46   Number         0  fnaninf.o(x$fpl$fnaninf)
    x$fpl$fpinit                             0x08003cd2   Section       10  fpinit.o(x$fpl$fpinit)
    $v0                                      0x08003cd2   Number         0  fpinit.o(x$fpl$fpinit)
    x$fpl$fretinf                            0x08003cdc   Section       10  fretinf.o(x$fpl$fretinf)
    $v0                                      0x08003cdc   Number         0  fretinf.o(x$fpl$fretinf)
    x$fpl$usenofp                            0x08003ce6   Section        0  usenofp.o(x$fpl$usenofp)
    .constdata                               0x08003ce8   Section      100  constants.o(.constdata)
    .constdata                               0x08003d4c   Section        8  stm32f4xx_hal_dma.o(.constdata)
    flagBitshiftOffset                       0x08003d4c   Data           8  stm32f4xx_hal_dma.o(.constdata)
    .constdata                               0x08003d54   Section       24  system_stm32f4xx_1.o(.constdata)
    .data                                    0x20000000   Section       12  main.o(.data)
    .data                                    0x2000000c   Section        4  can.o(.data)
    HAL_RCC_CAN1_CLK_ENABLED                 0x2000000c   Data           4  can.o(.data)
    .data                                    0x20000010   Section        4  turret.o(.data)
    .data                                    0x20000014   Section        4  pid.o(.data)
    .data                                    0x20000018   Section        9  stm32f4xx_hal.o(.data)
    .data                                    0x20000024   Section        4  system_stm32f4xx_1.o(.data)
    .data                                    0x20000028   Section       24  can_receive.o(.data)
    gimbal_can_send_data                     0x20000028   Data           8  can_receive.o(.data)
    chassis_can_send_data                    0x20000030   Data           8  can_receive.o(.data)
    .data                                    0x20000040   Section        2  remote_control.o(.data)
    this_time_rx_len                         0x20000040   Data           2  remote_control.o(.data)
    .bss                                     0x20000044   Section       80  can.o(.bss)
    .bss                                     0x20000094   Section      320  usart.o(.bss)
    .bss                                     0x200001d4   Section       32  turret.o(.bss)
    .bss                                     0x200001f4   Section      128  tim.o(.bss)
    .bss                                     0x20000274   Section      120  can_receive.o(.bss)
    motor_chassis                            0x20000274   Data          70  can_receive.o(.bss)
    gimbal_tx_message                        0x200002bc   Data          24  can_receive.o(.bss)
    chassis_tx_message                       0x200002d4   Data          24  can_receive.o(.bss)
    .bss                                     0x200002ec   Section       94  remote_control.o(.bss)
    sbus_rx_buf                              0x20000302   Data          72  remote_control.o(.bss)
    .bss                                     0x2000034c   Section       96  libspace.o(.bss)
    HEAP                                     0x200003b0   Section      512  startup_stm32f407xx.o(HEAP)
    Heap_Mem                                 0x200003b0   Data         512  startup_stm32f407xx.o(HEAP)
    STACK                                    0x200005b0   Section     1024  startup_stm32f407xx.o(STACK)
    Stack_Mem                                0x200005b0   Data        1024  startup_stm32f407xx.o(STACK)
    __initial_sp                             0x200009b0   Data           0  startup_stm32f407xx.o(STACK)

    Global Symbols

    Symbol Name                              Value     Ov Type        Size  Object(Section)

    BuildAttributes$$THM_ISAv4$E$P$D$K$B$S$7EM$VFPi3$EXTD16$VFPS$VFMA$PE$A:L22UL41UL21$X:L11$S22US41US21$IEEE1$IW$USESV6$~STKCKD$USESV7$~SHL$OSPACE$ROPI$EBA8$UX$STANDARDLIB$REQ8$PRES8$EABIv2 0x00000000   Number         0  anon$$obj.o ABSOLUTE
    __ARM_use_no_argv                        0x00000000   Number         0  main.o ABSOLUTE
    __ARM_exceptions_init                     - Undefined Weak Reference
    __alloca_initialize                       - Undefined Weak Reference
    __arm_fini_                               - Undefined Weak Reference
    __arm_preinit_                            - Undefined Weak Reference
    __cpp_initialize__aeabi_                  - Undefined Weak Reference
    __cxa_finalize                            - Undefined Weak Reference
    __rt_locale                               - Undefined Weak Reference
    __sigvec_lookup                           - Undefined Weak Reference
    _atexit_init                              - Undefined Weak Reference
    _call_atexit_fns                          - Undefined Weak Reference
    _clock_init                               - Undefined Weak Reference
    _fp_trap_init                             - Undefined Weak Reference
    _fp_trap_shutdown                         - Undefined Weak Reference
    _get_lc_collate                           - Undefined Weak Reference
    _get_lc_ctype                             - Undefined Weak Reference
    _get_lc_monetary                          - Undefined Weak Reference
    _get_lc_numeric                           - Undefined Weak Reference
    _get_lc_time                              - Undefined Weak Reference
    _getenv_init                              - Undefined Weak Reference
    _handle_redirection                       - Undefined Weak Reference
    _init_alloc                               - Undefined Weak Reference
    _init_user_alloc                          - Undefined Weak Reference
    _initio                                   - Undefined Weak Reference
    _rand_init                                - Undefined Weak Reference
    _signal_finish                            - Undefined Weak Reference
    _signal_init                              - Undefined Weak Reference
    _terminate_alloc                          - Undefined Weak Reference
    _terminate_user_alloc                     - Undefined Weak Reference
    _terminateio                              - Undefined Weak Reference
    __Vectors_Size                           0x00000188   Number         0  startup_stm32f407xx.o ABSOLUTE
    __Vectors                                0x08000000   Data           4  startup_stm32f407xx.o(RESET)
    __Vectors_End                            0x08000188   Data           0  startup_stm32f407xx.o(RESET)
    __main                                   0x08000189   Thumb Code     8  __main.o(!!!main)
    __scatterload                            0x08000191   Thumb Code     0  __scatter.o(!!!scatter)
    __scatterload_rt2                        0x08000191   Thumb Code    44  __scatter.o(!!!scatter)
    __scatterload_rt2_thumb_only             0x08000191   Thumb Code     0  __scatter.o(!!!scatter)
    __scatterload_null                       0x0800019f   Thumb Code     0  __scatter.o(!!!scatter)
    __scatterload_copy                       0x080001c5   Thumb Code    26  __scatter_copy.o(!!handler_copy)
    __scatterload_zeroinit                   0x080001e1   Thumb Code    28  __scatter_zi.o(!!handler_zi)
    __rt_lib_init                            0x080001fd   Thumb Code     0  libinit.o(.ARM.Collect$$libinit$$00000000)
    __rt_lib_init_fp_1                       0x080001ff   Thumb Code     0  libinit2.o(.ARM.Collect$$libinit$$00000001)
    __rt_lib_init_alloca_1                   0x08000203   Thumb Code     0  libinit2.o(.ARM.Collect$$libinit$$0000002E)
    __rt_lib_init_argv_1                     0x08000203   Thumb Code     0  libinit2.o(.ARM.Collect$$libinit$$0000002C)
    __rt_lib_init_atexit_1                   0x08000203   Thumb Code     0  libinit2.o(.ARM.Collect$$libinit$$0000001B)
    __rt_lib_init_clock_1                    0x08000203   Thumb Code     0  libinit2.o(.ARM.Collect$$libinit$$00000021)
    __rt_lib_init_cpp_1                      0x08000203   Thumb Code     0  libinit2.o(.ARM.Collect$$libinit$$00000032)
    __rt_lib_init_exceptions_1               0x08000203   Thumb Code     0  libinit2.o(.ARM.Collect$$libinit$$00000030)
    __rt_lib_init_fp_trap_1                  0x08000203   Thumb Code     0  libinit2.o(.ARM.Collect$$libinit$$0000001F)
    __rt_lib_init_getenv_1                   0x08000203   Thumb Code     0  libinit2.o(.ARM.Collect$$libinit$$00000023)
    __rt_lib_init_heap_1                     0x08000203   Thumb Code     0  libinit2.o(.ARM.Collect$$libinit$$0000000A)
    __rt_lib_init_lc_collate_1               0x08000203   Thumb Code     0  libinit2.o(.ARM.Collect$$libinit$$00000011)
    __rt_lib_init_lc_ctype_1                 0x08000203   Thumb Code     0  libinit2.o(.ARM.Collect$$libinit$$00000013)
    __rt_lib_init_lc_monetary_1              0x08000203   Thumb Code     0  libinit2.o(.ARM.Collect$$libinit$$00000015)
    __rt_lib_init_lc_numeric_1               0x08000203   Thumb Code     0  libinit2.o(.ARM.Collect$$libinit$$00000017)
    __rt_lib_init_lc_time_1                  0x08000203   Thumb Code     0  libinit2.o(.ARM.Collect$$libinit$$00000019)
    __rt_lib_init_preinit_1                  0x08000203   Thumb Code     0  libinit2.o(.ARM.Collect$$libinit$$00000004)
    __rt_lib_init_rand_1                     0x08000203   Thumb Code     0  libinit2.o(.ARM.Collect$$libinit$$0000000E)
    __rt_lib_init_return                     0x08000203   Thumb Code     0  libinit2.o(.ARM.Collect$$libinit$$00000033)
    __rt_lib_init_signal_1                   0x08000203   Thumb Code     0  libinit2.o(.ARM.Collect$$libinit$$0000001D)
    __rt_lib_init_stdio_1                    0x08000203   Thumb Code     0  libinit2.o(.ARM.Collect$$libinit$$00000025)
    __rt_lib_init_user_alloc_1               0x08000203   Thumb Code     0  libinit2.o(.ARM.Collect$$libinit$$0000000C)
    __rt_lib_shutdown                        0x08000205   Thumb Code     0  libshutdown.o(.ARM.Collect$$libshutdown$$00000000)
    __rt_lib_shutdown_cpp_1                  0x08000207   Thumb Code     0  libshutdown2.o(.ARM.Collect$$libshutdown$$00000004)
    __rt_lib_shutdown_fini_1                 0x08000207   Thumb Code     0  libshutdown2.o(.ARM.Collect$$libshutdown$$00000002)
    __rt_lib_shutdown_fp_trap_1              0x08000207   Thumb Code     0  libshutdown2.o(.ARM.Collect$$libshutdown$$00000009)
    __rt_lib_shutdown_heap_1                 0x08000207   Thumb Code     0  libshutdown2.o(.ARM.Collect$$libshutdown$$00000011)
    __rt_lib_shutdown_return                 0x08000207   Thumb Code     0  libshutdown2.o(.ARM.Collect$$libshutdown$$00000012)
    __rt_lib_shutdown_signal_1               0x08000207   Thumb Code     0  libshutdown2.o(.ARM.Collect$$libshutdown$$0000000C)
    __rt_lib_shutdown_stdio_1                0x08000207   Thumb Code     0  libshutdown2.o(.ARM.Collect$$libshutdown$$00000006)
    __rt_lib_shutdown_user_alloc_1           0x08000207   Thumb Code     0  libshutdown2.o(.ARM.Collect$$libshutdown$$0000000E)
    __rt_entry                               0x08000209   Thumb Code     0  __rtentry.o(.ARM.Collect$$rtentry$$00000000)
    __rt_entry_presh_1                       0x08000209   Thumb Code     0  __rtentry2.o(.ARM.Collect$$rtentry$$00000002)
    __rt_entry_sh                            0x08000209   Thumb Code     0  __rtentry4.o(.ARM.Collect$$rtentry$$00000004)
    __rt_entry_li                            0x0800020f   Thumb Code     0  __rtentry2.o(.ARM.Collect$$rtentry$$0000000A)
    __rt_entry_postsh_1                      0x0800020f   Thumb Code     0  __rtentry2.o(.ARM.Collect$$rtentry$$00000009)
    __rt_entry_main                          0x08000213   Thumb Code     0  __rtentry2.o(.ARM.Collect$$rtentry$$0000000D)
    __rt_entry_postli_1                      0x08000213   Thumb Code     0  __rtentry2.o(.ARM.Collect$$rtentry$$0000000C)
    __rt_exit                                0x0800021b   Thumb Code     0  rtexit.o(.ARM.Collect$$rtexit$$00000000)
    __rt_exit_ls                             0x0800021d   Thumb Code     0  rtexit2.o(.ARM.Collect$$rtexit$$00000003)
    __rt_exit_prels_1                        0x0800021d   Thumb Code     0  rtexit2.o(.ARM.Collect$$rtexit$$00000002)
    __rt_exit_exit                           0x08000221   Thumb Code     0  rtexit2.o(.ARM.Collect$$rtexit$$00000004)
    Reset_Handler                            0x08000229   Thumb Code     8  startup_stm32f407xx.o(.text)
    ADC_IRQHandler                           0x08000243   Thumb Code     0  startup_stm32f407xx.o(.text)
    CAN1_RX1_IRQHandler                      0x08000243   Thumb Code     0  startup_stm32f407xx.o(.text)
    CAN1_SCE_IRQHandler                      0x08000243   Thumb Code     0  startup_stm32f407xx.o(.text)
    CAN1_TX_IRQHandler                       0x08000243   Thumb Code     0  startup_stm32f407xx.o(.text)
    CAN2_RX1_IRQHandler                      0x08000243   Thumb Code     0  startup_stm32f407xx.o(.text)
    CAN2_SCE_IRQHandler                      0x08000243   Thumb Code     0  startup_stm32f407xx.o(.text)
    CAN2_TX_IRQHandler                       0x08000243   Thumb Code     0  startup_stm32f407xx.o(.text)
    DCMI_IRQHandler                          0x08000243   Thumb Code     0  startup_stm32f407xx.o(.text)
    DMA1_Stream0_IRQHandler                  0x08000243   Thumb Code     0  startup_stm32f407xx.o(.text)
    DMA1_Stream1_IRQHandler                  0x08000243   Thumb Code     0  startup_stm32f407xx.o(.text)
    DMA1_Stream2_IRQHandler                  0x08000243   Thumb Code     0  startup_stm32f407xx.o(.text)
    DMA1_Stream3_IRQHandler                  0x08000243   Thumb Code     0  startup_stm32f407xx.o(.text)
    DMA1_Stream4_IRQHandler                  0x08000243   Thumb Code     0  startup_stm32f407xx.o(.text)
    DMA1_Stream5_IRQHandler                  0x08000243   Thumb Code     0  startup_stm32f407xx.o(.text)
    DMA1_Stream6_IRQHandler                  0x08000243   Thumb Code     0  startup_stm32f407xx.o(.text)
    DMA1_Stream7_IRQHandler                  0x08000243   Thumb Code     0  startup_stm32f407xx.o(.text)
    DMA2_Stream0_IRQHandler                  0x08000243   Thumb Code     0  startup_stm32f407xx.o(.text)
    DMA2_Stream1_IRQHandler                  0x08000243   Thumb Code     0  startup_stm32f407xx.o(.text)
    DMA2_Stream2_IRQHandler                  0x08000243   Thumb Code     0  startup_stm32f407xx.o(.text)
    DMA2_Stream3_IRQHandler                  0x08000243   Thumb Code     0  startup_stm32f407xx.o(.text)
    DMA2_Stream4_IRQHandler                  0x08000243   Thumb Code     0  startup_stm32f407xx.o(.text)
    DMA2_Stream5_IRQHandler                  0x08000243   Thumb Code     0  startup_stm32f407xx.o(.text)
    DMA2_Stream6_IRQHandler                  0x08000243   Thumb Code     0  startup_stm32f407xx.o(.text)
    DMA2_Stream7_IRQHandler                  0x08000243   Thumb Code     0  startup_stm32f407xx.o(.text)
    ETH_IRQHandler                           0x08000243   Thumb Code     0  startup_stm32f407xx.o(.text)
    ETH_WKUP_IRQHandler                      0x08000243   Thumb Code     0  startup_stm32f407xx.o(.text)
    EXTI0_IRQHandler                         0x08000243   Thumb Code     0  startup_stm32f407xx.o(.text)
    EXTI15_10_IRQHandler                     0x08000243   Thumb Code     0  startup_stm32f407xx.o(.text)
    EXTI1_IRQHandler                         0x08000243   Thumb Code     0  startup_stm32f407xx.o(.text)
    EXTI2_IRQHandler                         0x08000243   Thumb Code     0  startup_stm32f407xx.o(.text)
    EXTI3_IRQHandler                         0x08000243   Thumb Code     0  startup_stm32f407xx.o(.text)
    EXTI4_IRQHandler                         0x08000243   Thumb Code     0  startup_stm32f407xx.o(.text)
    EXTI9_5_IRQHandler                       0x08000243   Thumb Code     0  startup_stm32f407xx.o(.text)
    FLASH_IRQHandler                         0x08000243   Thumb Code     0  startup_stm32f407xx.o(.text)
    FMC_IRQHandler                           0x08000243   Thumb Code     0  startup_stm32f407xx.o(.text)
    FPU_IRQHandler                           0x08000243   Thumb Code     0  startup_stm32f407xx.o(.text)
    HASH_RNG_IRQHandler                      0x08000243   Thumb Code     0  startup_stm32f407xx.o(.text)
    I2C1_ER_IRQHandler                       0x08000243   Thumb Code     0  startup_stm32f407xx.o(.text)
    I2C1_EV_IRQHandler                       0x08000243   Thumb Code     0  startup_stm32f407xx.o(.text)
    I2C2_ER_IRQHandler                       0x08000243   Thumb Code     0  startup_stm32f407xx.o(.text)
    I2C2_EV_IRQHandler                       0x08000243   Thumb Code     0  startup_stm32f407xx.o(.text)
    I2C3_ER_IRQHandler                       0x08000243   Thumb Code     0  startup_stm32f407xx.o(.text)
    I2C3_EV_IRQHandler                       0x08000243   Thumb Code     0  startup_stm32f407xx.o(.text)
    OTG_FS_IRQHandler                        0x08000243   Thumb Code     0  startup_stm32f407xx.o(.text)
    OTG_FS_WKUP_IRQHandler                   0x08000243   Thumb Code     0  startup_stm32f407xx.o(.text)
    OTG_HS_EP1_IN_IRQHandler                 0x08000243   Thumb Code     0  startup_stm32f407xx.o(.text)
    OTG_HS_EP1_OUT_IRQHandler                0x08000243   Thumb Code     0  startup_stm32f407xx.o(.text)
    OTG_HS_IRQHandler                        0x08000243   Thumb Code     0  startup_stm32f407xx.o(.text)
    OTG_HS_WKUP_IRQHandler                   0x08000243   Thumb Code     0  startup_stm32f407xx.o(.text)
    PVD_IRQHandler                           0x08000243   Thumb Code     0  startup_stm32f407xx.o(.text)
    RCC_IRQHandler                           0x08000243   Thumb Code     0  startup_stm32f407xx.o(.text)
    RTC_Alarm_IRQHandler                     0x08000243   Thumb Code     0  startup_stm32f407xx.o(.text)
    RTC_WKUP_IRQHandler                      0x08000243   Thumb Code     0  startup_stm32f407xx.o(.text)
    SDIO_IRQHandler                          0x08000243   Thumb Code     0  startup_stm32f407xx.o(.text)
    SPI1_IRQHandler                          0x08000243   Thumb Code     0  startup_stm32f407xx.o(.text)
    SPI2_IRQHandler                          0x08000243   Thumb Code     0  startup_stm32f407xx.o(.text)
    SPI3_IRQHandler                          0x08000243   Thumb Code     0  startup_stm32f407xx.o(.text)
    TAMP_STAMP_IRQHandler                    0x08000243   Thumb Code     0  startup_stm32f407xx.o(.text)
    TIM1_BRK_TIM9_IRQHandler                 0x08000243   Thumb Code     0  startup_stm32f407xx.o(.text)
    TIM1_CC_IRQHandler                       0x08000243   Thumb Code     0  startup_stm32f407xx.o(.text)
    TIM1_TRG_COM_TIM11_IRQHandler            0x08000243   Thumb Code     0  startup_stm32f407xx.o(.text)
    TIM1_UP_TIM10_IRQHandler                 0x08000243   Thumb Code     0  startup_stm32f407xx.o(.text)
    TIM2_IRQHandler                          0x08000243   Thumb Code     0  startup_stm32f407xx.o(.text)
    TIM3_IRQHandler                          0x08000243   Thumb Code     0  startup_stm32f407xx.o(.text)
    TIM4_IRQHandler                          0x08000243   Thumb Code     0  startup_stm32f407xx.o(.text)
    TIM5_IRQHandler                          0x08000243   Thumb Code     0  startup_stm32f407xx.o(.text)
    TIM6_DAC_IRQHandler                      0x08000243   Thumb Code     0  startup_stm32f407xx.o(.text)
    TIM7_IRQHandler                          0x08000243   Thumb Code     0  startup_stm32f407xx.o(.text)
    TIM8_BRK_TIM12_IRQHandler                0x08000243   Thumb Code     0  startup_stm32f407xx.o(.text)
    TIM8_CC_IRQHandler                       0x08000243   Thumb Code     0  startup_stm32f407xx.o(.text)
    TIM8_TRG_COM_TIM14_IRQHandler            0x08000243   Thumb Code     0  startup_stm32f407xx.o(.text)
    TIM8_UP_TIM13_IRQHandler                 0x08000243   Thumb Code     0  startup_stm32f407xx.o(.text)
    UART4_IRQHandler                         0x08000243   Thumb Code     0  startup_stm32f407xx.o(.text)
    UART5_IRQHandler                         0x08000243   Thumb Code     0  startup_stm32f407xx.o(.text)
    USART1_IRQHandler                        0x08000243   Thumb Code     0  startup_stm32f407xx.o(.text)
    USART2_IRQHandler                        0x08000243   Thumb Code     0  startup_stm32f407xx.o(.text)
    USART6_IRQHandler                        0x08000243   Thumb Code     0  startup_stm32f407xx.o(.text)
    WWDG_IRQHandler                          0x08000243   Thumb Code     0  startup_stm32f407xx.o(.text)
    __user_initial_stackheap                 0x08000245   Thumb Code     0  startup_stm32f407xx.o(.text)
    __aeabi_uldivmod                         0x08000269   Thumb Code     0  lludivv7m.o(.text)
    _ll_udiv                                 0x08000269   Thumb Code   238  lludivv7m.o(.text)
    __aeabi_memclr4                          0x08000357   Thumb Code     0  rt_memclr_w.o(.text)
    __aeabi_memclr8                          0x08000357   Thumb Code     0  rt_memclr_w.o(.text)
    __rt_memclr_w                            0x08000357   Thumb Code    78  rt_memclr_w.o(.text)
    _memset_w                                0x0800035b   Thumb Code     0  rt_memclr_w.o(.text)
    __use_two_region_memory                  0x080003a5   Thumb Code     2  heapauxi.o(.text)
    __rt_heap_escrow$2region                 0x080003a7   Thumb Code     2  heapauxi.o(.text)
    __rt_heap_expand$2region                 0x080003a9   Thumb Code     2  heapauxi.o(.text)
    __user_setup_stackheap                   0x080003ab   Thumb Code    74  sys_stackheap_outer.o(.text)
    exit                                     0x080003f5   Thumb Code    18  exit.o(.text)
    __user_libspace                          0x08000409   Thumb Code     8  libspace.o(.text)
    __user_perproc_libspace                  0x08000409   Thumb Code     0  libspace.o(.text)
    __user_perthread_libspace                0x08000409   Thumb Code     0  libspace.o(.text)
    _sys_exit                                0x08000411   Thumb Code     8  sys_exit.o(.text)
    __I$use$semihosting                      0x0800041d   Thumb Code     0  use_no_semi.o(.text)
    __use_no_semihosting_swi                 0x0800041d   Thumb Code     2  use_no_semi.o(.text)
    BusFault_Handler                         0x0800041f   Thumb Code     4  stm32f4xx_it.o(i.BusFault_Handler)
    __semihosting_library_function           0x0800041f   Thumb Code     0  indicate_semi.o(.text)
    CAN1_RX0_IRQHandler                      0x08000425   Thumb Code    10  stm32f4xx_it.o(i.CAN1_RX0_IRQHandler)
    CAN2_RX0_IRQHandler                      0x08000435   Thumb Code    10  stm32f4xx_it.o(i.CAN2_RX0_IRQHandler)
    CAN_cmd_gimbal_working                   0x08000445   Thumb Code    68  can_receive.o(i.CAN_cmd_gimbal_working)
    DebugMon_Handler                         0x08000573   Thumb Code     2  stm32f4xx_it.o(i.DebugMon_Handler)
    Error_Handler                            0x08000575   Thumb Code     2  main.o(i.Error_Handler)
    HAL_CAN_ActivateNotification             0x08000577   Thumb Code    42  stm32f4xx_hal_can.o(i.HAL_CAN_ActivateNotification)
    HAL_CAN_AddTxMessage                     0x080005a1   Thumb Code   342  stm32f4xx_hal_can.o(i.HAL_CAN_AddTxMessage)
    HAL_CAN_ConfigFilter                     0x080006f9   Thumb Code   286  stm32f4xx_hal_can.o(i.HAL_CAN_ConfigFilter)
    HAL_CAN_ErrorCallback                    0x0800081d   Thumb Code     2  stm32f4xx_hal_can.o(i.HAL_CAN_ErrorCallback)
    HAL_CAN_GetRxMessage                     0x0800081f   Thumb Code   380  stm32f4xx_hal_can.o(i.HAL_CAN_GetRxMessage)
    HAL_CAN_IRQHandler                       0x0800099b   Thumb Code   590  stm32f4xx_hal_can.o(i.HAL_CAN_IRQHandler)
    HAL_CAN_Init                             0x08000be9   Thumb Code   372  stm32f4xx_hal_can.o(i.HAL_CAN_Init)
    HAL_CAN_MspInit                          0x08000d5d   Thumb Code   328  can.o(i.HAL_CAN_MspInit)
    HAL_CAN_RxFifo0FullCallback              0x08000ebd   Thumb Code     2  stm32f4xx_hal_can.o(i.HAL_CAN_RxFifo0FullCallback)
    HAL_CAN_RxFifo0MsgPendingCallback        0x08000ec1   Thumb Code   552  can_receive.o(i.HAL_CAN_RxFifo0MsgPendingCallback)
    HAL_CAN_RxFifo1FullCallback              0x080010ed   Thumb Code     2  stm32f4xx_hal_can.o(i.HAL_CAN_RxFifo1FullCallback)
    HAL_CAN_RxFifo1MsgPendingCallback        0x080010ef   Thumb Code     2  stm32f4xx_hal_can.o(i.HAL_CAN_RxFifo1MsgPendingCallback)
    HAL_CAN_SleepCallback                    0x080010f1   Thumb Code     2  stm32f4xx_hal_can.o(i.HAL_CAN_SleepCallback)
    HAL_CAN_Start                            0x080010f3   Thumb Code    94  stm32f4xx_hal_can.o(i.HAL_CAN_Start)
    HAL_CAN_TxMailbox0AbortCallback          0x08001151   Thumb Code     2  stm32f4xx_hal_can.o(i.HAL_CAN_TxMailbox0AbortCallback)
    HAL_CAN_TxMailbox0CompleteCallback       0x08001153   Thumb Code     2  stm32f4xx_hal_can.o(i.HAL_CAN_TxMailbox0CompleteCallback)
    HAL_CAN_TxMailbox1AbortCallback          0x08001155   Thumb Code     2  stm32f4xx_hal_can.o(i.HAL_CAN_TxMailbox1AbortCallback)
    HAL_CAN_TxMailbox1CompleteCallback       0x08001157   Thumb Code     2  stm32f4xx_hal_can.o(i.HAL_CAN_TxMailbox1CompleteCallback)
    HAL_CAN_TxMailbox2AbortCallback          0x08001159   Thumb Code     2  stm32f4xx_hal_can.o(i.HAL_CAN_TxMailbox2AbortCallback)
    HAL_CAN_TxMailbox2CompleteCallback       0x0800115b   Thumb Code     2  stm32f4xx_hal_can.o(i.HAL_CAN_TxMailbox2CompleteCallback)
    HAL_CAN_WakeUpFromRxMsgCallback          0x0800115d   Thumb Code     2  stm32f4xx_hal_can.o(i.HAL_CAN_WakeUpFromRxMsgCallback)
    HAL_DMA_Init                             0x08001161   Thumb Code   232  stm32f4xx_hal_dma.o(i.HAL_DMA_Init)
    HAL_Delay                                0x0800124d   Thumb Code    36  stm32f4xx_hal.o(i.HAL_Delay)
    HAL_GPIO_Init                            0x08001275   Thumb Code   466  stm32f4xx_hal_gpio.o(i.HAL_GPIO_Init)
    HAL_GetTick                              0x08001475   Thumb Code     6  stm32f4xx_hal.o(i.HAL_GetTick)
    HAL_IncTick                              0x08001481   Thumb Code    16  stm32f4xx_hal.o(i.HAL_IncTick)
    HAL_Init                                 0x08001499   Thumb Code    54  stm32f4xx_hal.o(i.HAL_Init)
    HAL_InitTick                             0x080014d5   Thumb Code    64  stm32f4xx_hal.o(i.HAL_InitTick)
    HAL_MspInit                              0x08001521   Thumb Code    68  stm32f4xx_hal_msp.o(i.HAL_MspInit)
    HAL_NVIC_EnableIRQ                       0x08001569   Thumb Code    32  stm32f4xx_hal_cortex.o(i.HAL_NVIC_EnableIRQ)
    HAL_NVIC_SetPriority                     0x08001589   Thumb Code   124  stm32f4xx_hal_cortex.o(i.HAL_NVIC_SetPriority)
    HAL_NVIC_SetPriorityGrouping             0x08001605   Thumb Code    32  stm32f4xx_hal_cortex.o(i.HAL_NVIC_SetPriorityGrouping)
    HAL_RCC_ClockConfig                      0x0800162d   Thumb Code   366  stm32f4xx_hal_rcc.o(i.HAL_RCC_ClockConfig)
    HAL_RCC_GetHCLKFreq                      0x080017ad   Thumb Code     6  stm32f4xx_hal_rcc.o(i.HAL_RCC_GetHCLKFreq)
    HAL_RCC_GetPCLK1Freq                     0x080017b9   Thumb Code    22  stm32f4xx_hal_rcc.o(i.HAL_RCC_GetPCLK1Freq)
    HAL_RCC_GetPCLK2Freq                     0x080017d9   Thumb Code    22  stm32f4xx_hal_rcc.o(i.HAL_RCC_GetPCLK2Freq)
    HAL_RCC_GetSysClockFreq                  0x080017f9   Thumb Code   162  stm32f4xx_hal_rcc.o(i.HAL_RCC_GetSysClockFreq)
    HAL_RCC_OscConfig                        0x080018a9   Thumb Code  1086  stm32f4xx_hal_rcc.o(i.HAL_RCC_OscConfig)
    HAL_SYSTICK_Config                       0x08001cf1   Thumb Code    52  stm32f4xx_hal_cortex.o(i.HAL_SYSTICK_Config)
    HAL_TIMEx_ConfigBreakDeadTime            0x08001d25   Thumb Code   116  stm32f4xx_hal_tim_ex.o(i.HAL_TIMEx_ConfigBreakDeadTime)
    HAL_TIMEx_MasterConfigSynchronization    0x08001d99   Thumb Code    84  stm32f4xx_hal_tim_ex.o(i.HAL_TIMEx_MasterConfigSynchronization)
    HAL_TIM_Base_Init                        0x08001ded   Thumb Code    52  stm32f4xx_hal_tim.o(i.HAL_TIM_Base_Init)
    HAL_TIM_Base_MspInit                     0x08001e21   Thumb Code    84  tim.o(i.HAL_TIM_Base_MspInit)
    HAL_TIM_Base_Start                       0x08001e81   Thumb Code    42  stm32f4xx_hal_tim.o(i.HAL_TIM_Base_Start)
    HAL_TIM_ConfigClockSource                0x08001eab   Thumb Code   264  stm32f4xx_hal_tim.o(i.HAL_TIM_ConfigClockSource)
    HAL_TIM_MspPostInit                      0x08001fb5   Thumb Code   242  tim.o(i.HAL_TIM_MspPostInit)
    HAL_TIM_PWM_ConfigChannel                0x080020c1   Thumb Code   264  stm32f4xx_hal_tim.o(i.HAL_TIM_PWM_ConfigChannel)
    HAL_TIM_PWM_Init                         0x080021c9   Thumb Code    52  stm32f4xx_hal_tim.o(i.HAL_TIM_PWM_Init)
    HAL_TIM_PWM_MspInit                      0x080021fd   Thumb Code     2  stm32f4xx_hal_tim.o(i.HAL_TIM_PWM_MspInit)
    HAL_TIM_PWM_Start                        0x08002201   Thumb Code    80  stm32f4xx_hal_tim.o(i.HAL_TIM_PWM_Start)
    HAL_UART_Init                            0x08002259   Thumb Code   114  stm32f4xx_hal_uart.o(i.HAL_UART_Init)
    HAL_UART_MspInit                         0x080022cd   Thumb Code   462  usart.o(i.HAL_UART_MspInit)
    HardFault_Handler                        0x080024c5   Thumb Code     4  stm32f4xx_it.o(i.HardFault_Handler)
    MX_CAN1_Init                             0x080024c9   Thumb Code    58  can.o(i.MX_CAN1_Init)
    MX_CAN2_Init                             0x0800250d   Thumb Code    58  can.o(i.MX_CAN2_Init)
    MX_DMA_Init                              0x08002551   Thumb Code    98  dma.o(i.MX_DMA_Init)
    MX_GPIO_Init                             0x080025b9   Thumb Code   126  gpio.o(i.MX_GPIO_Init)
    MX_TIM1_Init                             0x0800263d   Thumb Code   258  tim.o(i.MX_TIM1_Init)
    MX_TIM8_Init                             0x08002749   Thumb Code   242  tim.o(i.MX_TIM8_Init)
    MX_USART1_UART_Init                      0x08002845   Thumb Code    46  usart.o(i.MX_USART1_UART_Init)
    MX_USART3_UART_Init                      0x0800287d   Thumb Code    48  usart.o(i.MX_USART3_UART_Init)
    MemManage_Handler                        0x080028b9   Thumb Code     4  stm32f4xx_it.o(i.MemManage_Handler)
    NMI_Handler                              0x080028bd   Thumb Code     2  stm32f4xx_it.o(i.NMI_Handler)
    PendSV_Handler                           0x080028bf   Thumb Code     2  stm32f4xx_it.o(i.PendSV_Handler)
    RC_init                                  0x080028c1   Thumb Code   142  bsp_rc.o(i.RC_init)
    SVC_Handler                              0x0800295d   Thumb Code     2  stm32f4xx_it.o(i.SVC_Handler)
    SysTick_Handler                          0x0800295f   Thumb Code     8  stm32f4xx_it.o(i.SysTick_Handler)
    SystemClock_Config                       0x08002969   Thumb Code   170  main.o(i.SystemClock_Config)
    SystemInit                               0x08002a1d   Thumb Code    82  system_stm32f4xx_1.o(i.SystemInit)
    TIM_Base_SetConfig                       0x08002a81   Thumb Code   170  stm32f4xx_hal_tim.o(i.TIM_Base_SetConfig)
    TIM_CCxChannelCmd                        0x08002b59   Thumb Code    34  stm32f4xx_hal_tim.o(i.TIM_CCxChannelCmd)
    TIM_ETR_SetConfig                        0x08002b7b   Thumb Code    22  stm32f4xx_hal_tim.o(i.TIM_ETR_SetConfig)
    TIM_OC2_SetConfig                        0x08002c15   Thumb Code   114  stm32f4xx_hal_tim.o(i.TIM_OC2_SetConfig)
    USART3_IRQHandler                        0x08003115   Thumb Code   264  remote_control.o(i.USART3_IRQHandler)
    UsageFault_Handler                       0x08003239   Thumb Code     4  stm32f4xx_it.o(i.UsageFault_Handler)
    absValueFloat                            0x08003275   Thumb Code    26  pid.o(i.absValueFloat)
    calculateProportional                    0x08003291   Thumb Code   240  pid.o(i.calculateProportional)
    calculateTurret                          0x08003389   Thumb Code   294  turret.o(i.calculateTurret)
    can_filter_init                          0x080034c9   Thumb Code    84  bsp_can.o(i.can_filter_init)
    chassisInit                              0x08003525   Thumb Code     2  chassis.o(i.chassisInit)
    fric_off                                 0x08003529   Thumb Code    48  bsp_fric.o(i.fric_off)
    fric_on                                  0x08003561   Thumb Code    44  bsp_fric.o(i.fric_on)
    get_pitch_gimbal_motor_measure_point     0x08003595   Thumb Code     4  can_receive.o(i.get_pitch_gimbal_motor_measure_point)
    get_remote_control_point                 0x0800359d   Thumb Code     4  remote_control.o(i.get_remote_control_point)
    get_trigger_motor_measure_point          0x080035a5   Thumb Code     4  can_receive.o(i.get_trigger_motor_measure_point)
    get_yaw_gimbal_motor_measure_point       0x080035ad   Thumb Code     4  can_receive.o(i.get_yaw_gimbal_motor_measure_point)
    main                                     0x080035b5   Thumb Code   168  main.o(i.main)
    remote_control_init                      0x0800366d   Thumb Code    16  remote_control.o(i.remote_control_init)
    turretInit                               0x0800375d   Thumb Code    58  turret.o(i.turretInit)
    turretLoop                               0x080037a5   Thumb Code   412  turret.o(i.turretLoop)
    usart1_tx_dma_init                       0x08003979   Thumb Code    18  bsp_usart.o(i.usart1_tx_dma_init)
    __aeabi_d2f                              0x08003991   Thumb Code     0  d2f.o(x$fpl$d2f)
    _d2f                                     0x08003991   Thumb Code    98  d2f.o(x$fpl$d2f)
    __aeabi_dmul                             0x080039f5   Thumb Code     0  dmul.o(x$fpl$dmul)
    _dmul                                    0x080039f5   Thumb Code   332  dmul.o(x$fpl$dmul)
    __fpl_dnaninf                            0x08003b49   Thumb Code   156  dnaninf.o(x$fpl$dnaninf)
    __fpl_dretinf                            0x08003be5   Thumb Code    12  dretinf.o(x$fpl$dretinf)
    __aeabi_f2d                              0x08003bf1   Thumb Code     0  f2d.o(x$fpl$f2d)
    _f2d                                     0x08003bf1   Thumb Code    86  f2d.o(x$fpl$f2d)
    __fpl_fnaninf                            0x08003c47   Thumb Code   140  fnaninf.o(x$fpl$fnaninf)
    _fp_init                                 0x08003cd3   Thumb Code    10  fpinit.o(x$fpl$fpinit)
    __fplib_config_fpu_vfp                   0x08003cdb   Thumb Code     0  fpinit.o(x$fpl$fpinit)
    __fplib_config_pureend_doubles           0x08003cdb   Thumb Code     0  fpinit.o(x$fpl$fpinit)
    __fpl_fretinf                            0x08003cdd   Thumb Code    10  fretinf.o(x$fpl$fretinf)
    __I$use$fp                               0x08003ce6   Number         0  usenofp.o(x$fpl$usenofp)
    M_PI                                     0x08003ce8   Data           4  constants.o(.constdata)
    M_CONTROLLER_JOYSTICK_SCALE              0x08003cec   Data           4  constants.o(.constdata)
    M_CONTROLLER_SWITCH_STATES               0x08003cf0   Data          12  constants.o(.constdata)
    M_CONTROLLER_X_AXIS                      0x08003cfc   Data           4  constants.o(.constdata)
    M_CONTROLLER_Y_AXIS                      0x08003d00   Data           4  constants.o(.constdata)
    M_CONTROLLER_ROTATION_AXIS               0x08003d04   Data           4  constants.o(.constdata)
    M_MOTOR_M3508_VOLTAGE_SCALE              0x08003d08   Data           4  constants.o(.constdata)
    M_ENCODER_M3508_SCALE                    0x08003d0c   Data           4  constants.o(.constdata)
    M3508_REDUCTION_RATIO                    0x08003d10   Data           4  constants.o(.constdata)
    M_MOTOR_M2006_VOLTAGE_SCALE              0x08003d14   Data           4  constants.o(.constdata)
    M_ENCODER_M2006_SCALE                    0x08003d18   Data           4  constants.o(.constdata)
    M2006_REDUCTION_RATIO                    0x08003d1c   Data           4  constants.o(.constdata)
    M_MOTOR_GM6020_VOLTAGE_SCALE             0x08003d20   Data           4  constants.o(.constdata)
    M_ENCODER_GM6020_SCALE                   0x08003d24   Data           4  constants.o(.constdata)
    M_MOTOR_SNAIL_SWITCH                     0x08003d28   Data           4  constants.o(.constdata)
    M_MOTOR_SNAIL_SWITCH_STATES              0x08003d2c   Data          12  constants.o(.constdata)
    M_MOTOR_SNAIL_X                          0x08003d38   Data           4  constants.o(.constdata)
    M_MOTOR_SNAIL_Y                          0x08003d3c   Data           4  constants.o(.constdata)
    M_MOTOR_SNAIL_Z                          0x08003d40   Data           4  constants.o(.constdata)
    M_MOTOR_SNAIL_MAX                        0x08003d44   Data           4  constants.o(.constdata)
    M_MOTOR_SNAIL_OFFSET                     0x08003d48   Data           4  constants.o(.constdata)
    AHBPrescTable                            0x08003d54   Data          16  system_stm32f4xx_1.o(.constdata)
    APBPrescTable                            0x08003d64   Data           8  system_stm32f4xx_1.o(.constdata)
    Region$$Table$$Base                      0x08003d6c   Number         0  anon$$obj.o(Region$$Table)
    Region$$Table$$Limit                     0x08003d8c   Number         0  anon$$obj.o(Region$$Table)
    local_rc_ctrl                            0x20000000   Data           4  main.o(.data)
    counter                                  0x20000004   Data           4  main.o(.data)
    tempECD                                  0x20000008   Data           4  main.o(.data)
    ecdVal                                   0x20000010   Data           4  turret.o(.data)
    error                                    0x20000014   Data           4  pid.o(.data)
    uwTick                                   0x20000018   Data           4  stm32f4xx_hal.o(.data)
    uwTickPrio                               0x2000001c   Data           4  stm32f4xx_hal.o(.data)
    uwTickFreq                               0x20000020   Data           1  stm32f4xx_hal.o(.data)
    SystemCoreClock                          0x20000024   Data           4  system_stm32f4xx_1.o(.data)
    yawCounter                               0x20000038   Data           4  can_receive.o(.data)
    temprxData                               0x2000003c   Data           4  can_receive.o(.data)
    hcan1                                    0x20000044   Data          40  can.o(.bss)
    hcan2                                    0x2000006c   Data          40  can.o(.bss)
    huart1                                   0x20000094   Data          64  usart.o(.bss)
    huart3                                   0x200000d4   Data          64  usart.o(.bss)
    hdma_usart1_tx                           0x20000114   Data          96  usart.o(.bss)
    hdma_usart3_rx                           0x20000174   Data          96  usart.o(.bss)
    yawProfile                               0x200001d4   Data          16  turret.o(.bss)
    pitchProfile                             0x200001e4   Data          16  turret.o(.bss)
    htim1                                    0x200001f4   Data          64  tim.o(.bss)
    htim8                                    0x20000234   Data          64  tim.o(.bss)
    rc_ctrl                                  0x200002ec   Data          22  remote_control.o(.bss)
    __libspace_start                         0x2000034c   Data          96  libspace.o(.bss)
    __temporary_stack_top$libspace           0x200003ac   Data           0  libspace.o(.bss)



==============================================================================

Memory Map of the image

  Image Entry point : 0x08000189

  Load Region LR_IROM1 (Base: 0x08000000, Size: 0x00003dd0, Max: 0x00100000, ABSOLUTE)

    Execution Region ER_IROM1 (Exec base: 0x08000000, Load base: 0x08000000, Size: 0x00003d8c, Max: 0x00100000, ABSOLUTE)

    Exec Addr    Load Addr    Size         Type   Attr      Idx    E Section Name        Object

    0x08000000   0x08000000   0x00000188   Data   RO            3    RESET               startup_stm32f407xx.o
    0x08000188   0x08000188   0x00000008   Code   RO         3743  * !!!main             c_w.l(__main.o)
    0x08000190   0x08000190   0x00000034   Code   RO         3933    !!!scatter          c_w.l(__scatter.o)
    0x080001c4   0x080001c4   0x0000001a   Code   RO         3935    !!handler_copy      c_w.l(__scatter_copy.o)
    0x080001de   0x080001de   0x00000002   PAD
    0x080001e0   0x080001e0   0x0000001c   Code   RO         3937    !!handler_zi        c_w.l(__scatter_zi.o)
    0x080001fc   0x080001fc   0x00000002   Code   RO         3801    .ARM.Collect$$libinit$$00000000  c_w.l(libinit.o)
    0x080001fe   0x080001fe   0x00000004   Code   RO         3813    .ARM.Collect$$libinit$$00000001  c_w.l(libinit2.o)
    0x08000202   0x08000202   0x00000000   Code   RO         3816    .ARM.Collect$$libinit$$00000004  c_w.l(libinit2.o)
    0x08000202   0x08000202   0x00000000   Code   RO         3819    .ARM.Collect$$libinit$$0000000A  c_w.l(libinit2.o)
    0x08000202   0x08000202   0x00000000   Code   RO         3821    .ARM.Collect$$libinit$$0000000C  c_w.l(libinit2.o)
    0x08000202   0x08000202   0x00000000   Code   RO         3823    .ARM.Collect$$libinit$$0000000E  c_w.l(libinit2.o)
    0x08000202   0x08000202   0x00000000   Code   RO         3826    .ARM.Collect$$libinit$$00000011  c_w.l(libinit2.o)
    0x08000202   0x08000202   0x00000000   Code   RO         3828    .ARM.Collect$$libinit$$00000013  c_w.l(libinit2.o)
    0x08000202   0x08000202   0x00000000   Code   RO         3830    .ARM.Collect$$libinit$$00000015  c_w.l(libinit2.o)
    0x08000202   0x08000202   0x00000000   Code   RO         3832    .ARM.Collect$$libinit$$00000017  c_w.l(libinit2.o)
    0x08000202   0x08000202   0x00000000   Code   RO         3834    .ARM.Collect$$libinit$$00000019  c_w.l(libinit2.o)
    0x08000202   0x08000202   0x00000000   Code   RO         3836    .ARM.Collect$$libinit$$0000001B  c_w.l(libinit2.o)
    0x08000202   0x08000202   0x00000000   Code   RO         3838    .ARM.Collect$$libinit$$0000001D  c_w.l(libinit2.o)
    0x08000202   0x08000202   0x00000000   Code   RO         3840    .ARM.Collect$$libinit$$0000001F  c_w.l(libinit2.o)
    0x08000202   0x08000202   0x00000000   Code   RO         3842    .ARM.Collect$$libinit$$00000021  c_w.l(libinit2.o)
    0x08000202   0x08000202   0x00000000   Code   RO         3844    .ARM.Collect$$libinit$$00000023  c_w.l(libinit2.o)
    0x08000202   0x08000202   0x00000000   Code   RO         3846    .ARM.Collect$$libinit$$00000025  c_w.l(libinit2.o)
    0x08000202   0x08000202   0x00000000   Code   RO         3850    .ARM.Collect$$libinit$$0000002C  c_w.l(libinit2.o)
    0x08000202   0x08000202   0x00000000   Code   RO         3852    .ARM.Collect$$libinit$$0000002E  c_w.l(libinit2.o)
    0x08000202   0x08000202   0x00000000   Code   RO         3854    .ARM.Collect$$libinit$$00000030  c_w.l(libinit2.o)
    0x08000202   0x08000202   0x00000000   Code   RO         3856    .ARM.Collect$$libinit$$00000032  c_w.l(libinit2.o)
    0x08000202   0x08000202   0x00000002   Code   RO         3857    .ARM.Collect$$libinit$$00000033  c_w.l(libinit2.o)
    0x08000204   0x08000204   0x00000002   Code   RO         3888    .ARM.Collect$$libshutdown$$00000000  c_w.l(libshutdown.o)
    0x08000206   0x08000206   0x00000000   Code   RO         3914    .ARM.Collect$$libshutdown$$00000002  c_w.l(libshutdown2.o)
    0x08000206   0x08000206   0x00000000   Code   RO         3916    .ARM.Collect$$libshutdown$$00000004  c_w.l(libshutdown2.o)
    0x08000206   0x08000206   0x00000000   Code   RO         3918    .ARM.Collect$$libshutdown$$00000006  c_w.l(libshutdown2.o)
    0x08000206   0x08000206   0x00000000   Code   RO         3921    .ARM.Collect$$libshutdown$$00000009  c_w.l(libshutdown2.o)
    0x08000206   0x08000206   0x00000000   Code   RO         3924    .ARM.Collect$$libshutdown$$0000000C  c_w.l(libshutdown2.o)
    0x08000206   0x08000206   0x00000000   Code   RO         3926    .ARM.Collect$$libshutdown$$0000000E  c_w.l(libshutdown2.o)
    0x08000206   0x08000206   0x00000000   Code   RO         3929    .ARM.Collect$$libshutdown$$00000011  c_w.l(libshutdown2.o)
    0x08000206   0x08000206   0x00000002   Code   RO         3930    .ARM.Collect$$libshutdown$$00000012  c_w.l(libshutdown2.o)
    0x08000208   0x08000208   0x00000000   Code   RO         3753    .ARM.Collect$$rtentry$$00000000  c_w.l(__rtentry.o)
    0x08000208   0x08000208   0x00000000   Code   RO         3770    .ARM.Collect$$rtentry$$00000002  c_w.l(__rtentry2.o)
    0x08000208   0x08000208   0x00000006   Code   RO         3782    .ARM.Collect$$rtentry$$00000004  c_w.l(__rtentry4.o)
    0x0800020e   0x0800020e   0x00000000   Code   RO         3772    .ARM.Collect$$rtentry$$00000009  c_w.l(__rtentry2.o)
    0x0800020e   0x0800020e   0x00000004   Code   RO         3773    .ARM.Collect$$rtentry$$0000000A  c_w.l(__rtentry2.o)
    0x08000212   0x08000212   0x00000000   Code   RO         3775    .ARM.Collect$$rtentry$$0000000C  c_w.l(__rtentry2.o)
    0x08000212   0x08000212   0x00000008   Code   RO         3776    .ARM.Collect$$rtentry$$0000000D  c_w.l(__rtentry2.o)
    0x0800021a   0x0800021a   0x00000002   Code   RO         3805    .ARM.Collect$$rtexit$$00000000  c_w.l(rtexit.o)
    0x0800021c   0x0800021c   0x00000000   Code   RO         3861    .ARM.Collect$$rtexit$$00000002  c_w.l(rtexit2.o)
    0x0800021c   0x0800021c   0x00000004   Code   RO         3862    .ARM.Collect$$rtexit$$00000003  c_w.l(rtexit2.o)
    0x08000220   0x08000220   0x00000006   Code   RO         3863    .ARM.Collect$$rtexit$$00000004  c_w.l(rtexit2.o)
    0x08000226   0x08000226   0x00000002   PAD
    0x08000228   0x08000228   0x00000040   Code   RO            4    .text               startup_stm32f407xx.o
    0x08000268   0x08000268   0x000000ee   Code   RO         3735    .text               c_w.l(lludivv7m.o)
    0x08000356   0x08000356   0x0000004e   Code   RO         3739    .text               c_w.l(rt_memclr_w.o)
    0x080003a4   0x080003a4   0x00000006   Code   RO         3741    .text               c_w.l(heapauxi.o)
    0x080003aa   0x080003aa   0x0000004a   Code   RO         3788    .text               c_w.l(sys_stackheap_outer.o)
    0x080003f4   0x080003f4   0x00000012   Code   RO         3790    .text               c_w.l(exit.o)
    0x08000406   0x08000406   0x00000002   PAD
    0x08000408   0x08000408   0x00000008   Code   RO         3802    .text               c_w.l(libspace.o)
    0x08000410   0x08000410   0x0000000c   Code   RO         3858    .text               c_w.l(sys_exit.o)
    0x0800041c   0x0800041c   0x00000002   Code   RO         3877    .text               c_w.l(use_no_semi.o)
    0x0800041e   0x0800041e   0x00000000   Code   RO         3879    .text               c_w.l(indicate_semi.o)
    0x0800041e   0x0800041e   0x00000004   Code   RO          276    i.BusFault_Handler  stm32f4xx_it.o
    0x08000422   0x08000422   0x00000002   PAD
    0x08000424   0x08000424   0x00000010   Code   RO          277    i.CAN1_RX0_IRQHandler  stm32f4xx_it.o
    0x08000434   0x08000434   0x00000010   Code   RO          278    i.CAN2_RX0_IRQHandler  stm32f4xx_it.o
    0x08000444   0x08000444   0x00000050   Code   RO         3548    i.CAN_cmd_gimbal_working  can_receive.o
    0x08000494   0x08000494   0x00000034   Code   RO         2328    i.DMA_CalcBaseAndBitshift  stm32f4xx_hal_dma.o
    0x080004c8   0x080004c8   0x000000aa   Code   RO         2329    i.DMA_CheckFifoParam  stm32f4xx_hal_dma.o
    0x08000572   0x08000572   0x00000002   Code   RO          279    i.DebugMon_Handler  stm32f4xx_it.o
    0x08000574   0x08000574   0x00000002   Code   RO           13    i.Error_Handler     main.o
    0x08000576   0x08000576   0x0000002a   Code   RO          652    i.HAL_CAN_ActivateNotification  stm32f4xx_hal_can.o
    0x080005a0   0x080005a0   0x00000156   Code   RO          653    i.HAL_CAN_AddTxMessage  stm32f4xx_hal_can.o
    0x080006f6   0x080006f6   0x00000002   PAD
    0x080006f8   0x080006f8   0x00000124   Code   RO          654    i.HAL_CAN_ConfigFilter  stm32f4xx_hal_can.o
    0x0800081c   0x0800081c   0x00000002   Code   RO          657    i.HAL_CAN_ErrorCallback  stm32f4xx_hal_can.o
    0x0800081e   0x0800081e   0x0000017c   Code   RO          660    i.HAL_CAN_GetRxMessage  stm32f4xx_hal_can.o
    0x0800099a   0x0800099a   0x0000024e   Code   RO          664    i.HAL_CAN_IRQHandler  stm32f4xx_hal_can.o
    0x08000be8   0x08000be8   0x00000174   Code   RO          665    i.HAL_CAN_Init      stm32f4xx_hal_can.o
    0x08000d5c   0x08000d5c   0x00000160   Code   RO          228    i.HAL_CAN_MspInit   can.o
    0x08000ebc   0x08000ebc   0x00000002   Code   RO          672    i.HAL_CAN_RxFifo0FullCallback  stm32f4xx_hal_can.o
    0x08000ebe   0x08000ebe   0x00000002   PAD
    0x08000ec0   0x08000ec0   0x0000022c   Code   RO         3549    i.HAL_CAN_RxFifo0MsgPendingCallback  can_receive.o
    0x080010ec   0x080010ec   0x00000002   Code   RO          674    i.HAL_CAN_RxFifo1FullCallback  stm32f4xx_hal_can.o
    0x080010ee   0x080010ee   0x00000002   Code   RO          675    i.HAL_CAN_RxFifo1MsgPendingCallback  stm32f4xx_hal_can.o
    0x080010f0   0x080010f0   0x00000002   Code   RO          676    i.HAL_CAN_SleepCallback  stm32f4xx_hal_can.o
    0x080010f2   0x080010f2   0x0000005e   Code   RO          677    i.HAL_CAN_Start     stm32f4xx_hal_can.o
    0x08001150   0x08001150   0x00000002   Code   RO          679    i.HAL_CAN_TxMailbox0AbortCallback  stm32f4xx_hal_can.o
    0x08001152   0x08001152   0x00000002   Code   RO          680    i.HAL_CAN_TxMailbox0CompleteCallback  stm32f4xx_hal_can.o
    0x08001154   0x08001154   0x00000002   Code   RO          681    i.HAL_CAN_TxMailbox1AbortCallback  stm32f4xx_hal_can.o
    0x08001156   0x08001156   0x00000002   Code   RO          682    i.HAL_CAN_TxMailbox1CompleteCallback  stm32f4xx_hal_can.o
    0x08001158   0x08001158   0x00000002   Code   RO          683    i.HAL_CAN_TxMailbox2AbortCallback  stm32f4xx_hal_can.o
    0x0800115a   0x0800115a   0x00000002   Code   RO          684    i.HAL_CAN_TxMailbox2CompleteCallback  stm32f4xx_hal_can.o
    0x0800115c   0x0800115c   0x00000002   Code   RO          686    i.HAL_CAN_WakeUpFromRxMsgCallback  stm32f4xx_hal_can.o
    0x0800115e   0x0800115e   0x00000002   PAD
    0x08001160   0x08001160   0x000000ec   Code   RO         2337    i.HAL_DMA_Init      stm32f4xx_hal_dma.o
    0x0800124c   0x0800124c   0x00000028   Code   RO         2755    i.HAL_Delay         stm32f4xx_hal.o
    0x08001274   0x08001274   0x00000200   Code   RO         2224    i.HAL_GPIO_Init     stm32f4xx_hal_gpio.o
    0x08001474   0x08001474   0x0000000c   Code   RO         2761    i.HAL_GetTick       stm32f4xx_hal.o
    0x08001480   0x08001480   0x00000018   Code   RO         2767    i.HAL_IncTick       stm32f4xx_hal.o
    0x08001498   0x08001498   0x0000003c   Code   RO         2768    i.HAL_Init          stm32f4xx_hal.o
    0x080014d4   0x080014d4   0x0000004c   Code   RO         2769    i.HAL_InitTick      stm32f4xx_hal.o
    0x08001520   0x08001520   0x00000048   Code   RO          364    i.HAL_MspInit       stm32f4xx_hal_msp.o
    0x08001568   0x08001568   0x00000020   Code   RO         2613    i.HAL_NVIC_EnableIRQ  stm32f4xx_hal_cortex.o
    0x08001588   0x08001588   0x0000007c   Code   RO         2619    i.HAL_NVIC_SetPriority  stm32f4xx_hal_cortex.o
    0x08001604   0x08001604   0x00000028   Code   RO         2620    i.HAL_NVIC_SetPriorityGrouping  stm32f4xx_hal_cortex.o
    0x0800162c   0x0800162c   0x00000180   Code   RO         1825    i.HAL_RCC_ClockConfig  stm32f4xx_hal_rcc.o
    0x080017ac   0x080017ac   0x0000000c   Code   RO         1830    i.HAL_RCC_GetHCLKFreq  stm32f4xx_hal_rcc.o
    0x080017b8   0x080017b8   0x00000020   Code   RO         1832    i.HAL_RCC_GetPCLK1Freq  stm32f4xx_hal_rcc.o
    0x080017d8   0x080017d8   0x00000020   Code   RO         1833    i.HAL_RCC_GetPCLK2Freq  stm32f4xx_hal_rcc.o
    0x080017f8   0x080017f8   0x000000b0   Code   RO         1834    i.HAL_RCC_GetSysClockFreq  stm32f4xx_hal_rcc.o
    0x080018a8   0x080018a8   0x00000448   Code   RO         1837    i.HAL_RCC_OscConfig  stm32f4xx_hal_rcc.o
    0x08001cf0   0x08001cf0   0x00000034   Code   RO         2624    i.HAL_SYSTICK_Config  stm32f4xx_hal_cortex.o
    0x08001d24   0x08001d24   0x00000074   Code   RO         1576    i.HAL_TIMEx_ConfigBreakDeadTime  stm32f4xx_hal_tim_ex.o
    0x08001d98   0x08001d98   0x00000054   Code   RO         1591    i.HAL_TIMEx_MasterConfigSynchronization  stm32f4xx_hal_tim_ex.o
    0x08001dec   0x08001dec   0x00000034   Code   RO          887    i.HAL_TIM_Base_Init  stm32f4xx_hal_tim.o
    0x08001e20   0x08001e20   0x00000060   Code   RO          598    i.HAL_TIM_Base_MspInit  tim.o
    0x08001e80   0x08001e80   0x0000002a   Code   RO          890    i.HAL_TIM_Base_Start  stm32f4xx_hal_tim.o
    0x08001eaa   0x08001eaa   0x00000108   Code   RO          896    i.HAL_TIM_ConfigClockSource  stm32f4xx_hal_tim.o
    0x08001fb2   0x08001fb2   0x00000002   PAD
    0x08001fb4   0x08001fb4   0x0000010c   Code   RO          599    i.HAL_TIM_MspPostInit  tim.o
    0x080020c0   0x080020c0   0x00000108   Code   RO          954    i.HAL_TIM_PWM_ConfigChannel  stm32f4xx_hal_tim.o
    0x080021c8   0x080021c8   0x00000034   Code   RO          957    i.HAL_TIM_PWM_Init  stm32f4xx_hal_tim.o
    0x080021fc   0x080021fc   0x00000002   Code   RO          959    i.HAL_TIM_PWM_MspInit  stm32f4xx_hal_tim.o
    0x080021fe   0x080021fe   0x00000002   PAD
    0x08002200   0x08002200   0x00000058   Code   RO          962    i.HAL_TIM_PWM_Start  stm32f4xx_hal_tim.o
    0x08002258   0x08002258   0x00000072   Code   RO         3028    i.HAL_UART_Init     stm32f4xx_hal_uart.o
    0x080022ca   0x080022ca   0x00000002   PAD
    0x080022cc   0x080022cc   0x000001f8   Code   RO          413    i.HAL_UART_MspInit  usart.o
    0x080024c4   0x080024c4   0x00000004   Code   RO          280    i.HardFault_Handler  stm32f4xx_it.o
    0x080024c8   0x080024c8   0x00000044   Code   RO          229    i.MX_CAN1_Init      can.o
    0x0800250c   0x0800250c   0x00000044   Code   RO          230    i.MX_CAN2_Init      can.o
    0x08002550   0x08002550   0x00000068   Code   RO          388    i.MX_DMA_Init       dma.o
    0x080025b8   0x080025b8   0x00000084   Code   RO          203    i.MX_GPIO_Init      gpio.o
    0x0800263c   0x0800263c   0x0000010c   Code   RO          600    i.MX_TIM1_Init      tim.o
    0x08002748   0x08002748   0x000000fc   Code   RO          601    i.MX_TIM8_Init      tim.o
    0x08002844   0x08002844   0x00000038   Code   RO          414    i.MX_USART1_UART_Init  usart.o
    0x0800287c   0x0800287c   0x0000003c   Code   RO          415    i.MX_USART3_UART_Init  usart.o
    0x080028b8   0x080028b8   0x00000004   Code   RO          281    i.MemManage_Handler  stm32f4xx_it.o
    0x080028bc   0x080028bc   0x00000002   Code   RO          282    i.NMI_Handler       stm32f4xx_it.o
    0x080028be   0x080028be   0x00000002   Code   RO          283    i.PendSV_Handler    stm32f4xx_it.o
    0x080028c0   0x080028c0   0x0000009c   Code   RO         3458    i.RC_init           bsp_rc.o
    0x0800295c   0x0800295c   0x00000002   Code   RO          284    i.SVC_Handler       stm32f4xx_it.o
    0x0800295e   0x0800295e   0x00000008   Code   RO          285    i.SysTick_Handler   stm32f4xx_it.o
    0x08002966   0x08002966   0x00000002   PAD
    0x08002968   0x08002968   0x000000b4   Code   RO           14    i.SystemClock_Config  main.o
    0x08002a1c   0x08002a1c   0x00000064   Code   RO         3335    i.SystemInit        system_stm32f4xx_1.o
    0x08002a80   0x08002a80   0x000000d8   Code   RO          975    i.TIM_Base_SetConfig  stm32f4xx_hal_tim.o
    0x08002b58   0x08002b58   0x00000022   Code   RO          976    i.TIM_CCxChannelCmd  stm32f4xx_hal_tim.o
    0x08002b7a   0x08002b7a   0x00000016   Code   RO          986    i.TIM_ETR_SetConfig  stm32f4xx_hal_tim.o
    0x08002b90   0x08002b90   0x00000012   Code   RO          987    i.TIM_ITRx_SetConfig  stm32f4xx_hal_tim.o
    0x08002ba2   0x08002ba2   0x00000002   PAD
    0x08002ba4   0x08002ba4   0x00000070   Code   RO          988    i.TIM_OC1_SetConfig  stm32f4xx_hal_tim.o
    0x08002c14   0x08002c14   0x0000007c   Code   RO          989    i.TIM_OC2_SetConfig  stm32f4xx_hal_tim.o
    0x08002c90   0x08002c90   0x00000078   Code   RO          990    i.TIM_OC3_SetConfig  stm32f4xx_hal_tim.o
    0x08002d08   0x08002d08   0x00000054   Code   RO          991    i.TIM_OC4_SetConfig  stm32f4xx_hal_tim.o
    0x08002d5c   0x08002d5c   0x00000026   Code   RO          993    i.TIM_TI1_ConfigInputStage  stm32f4xx_hal_tim.o
    0x08002d82   0x08002d82   0x00000028   Code   RO          995    i.TIM_TI2_ConfigInputStage  stm32f4xx_hal_tim.o
    0x08002daa   0x08002daa   0x00000002   PAD
    0x08002dac   0x08002dac   0x00000368   Code   RO         3055    i.UART_SetConfig    stm32f4xx_hal_uart.o
    0x08003114   0x08003114   0x00000124   Code   RO         3687    i.USART3_IRQHandler  remote_control.o
    0x08003238   0x08003238   0x00000004   Code   RO          286    i.UsageFault_Handler  stm32f4xx_it.o
    0x0800323c   0x0800323c   0x00000010   Code   RO         2626    i.__NVIC_GetPriorityGrouping  stm32f4xx_hal_cortex.o
    0x0800324c   0x0800324c   0x00000028   Code   RO         2627    i.__NVIC_SetPriority  stm32f4xx_hal_cortex.o
    0x08003274   0x08003274   0x0000001a   Code   RO          504    i.absValueFloat     pid.o
    0x0800328e   0x0800328e   0x00000002   PAD
    0x08003290   0x08003290   0x000000f8   Code   RO          505    i.calculateProportional  pid.o
    0x08003388   0x08003388   0x00000140   Code   RO          460    i.calculateTurret   turret.o
    0x080034c8   0x080034c8   0x0000005c   Code   RO         3371    i.can_filter_init   bsp_can.o
    0x08003524   0x08003524   0x00000002   Code   RO          562    i.chassisInit       chassis.o
    0x08003526   0x08003526   0x00000002   PAD
    0x08003528   0x08003528   0x00000038   Code   RO         3514    i.fric_off          bsp_fric.o
    0x08003560   0x08003560   0x00000034   Code   RO         3515    i.fric_on           bsp_fric.o
    0x08003594   0x08003594   0x00000008   Code   RO         3551    i.get_pitch_gimbal_motor_measure_point  can_receive.o
    0x0800359c   0x0800359c   0x00000008   Code   RO         3688    i.get_remote_control_point  remote_control.o
    0x080035a4   0x080035a4   0x00000008   Code   RO         3552    i.get_trigger_motor_measure_point  can_receive.o
    0x080035ac   0x080035ac   0x00000008   Code   RO         3553    i.get_yaw_gimbal_motor_measure_point  can_receive.o
    0x080035b4   0x080035b4   0x000000b8   Code   RO           15    i.main              main.o
    0x0800366c   0x0800366c   0x00000014   Code   RO         3689    i.remote_control_init  remote_control.o
    0x08003680   0x08003680   0x000000da   Code   RO         3690    i.sbus_to_rc        remote_control.o
    0x0800375a   0x0800375a   0x00000002   PAD
    0x0800375c   0x0800375c   0x00000048   Code   RO          461    i.turretInit        turret.o
    0x080037a4   0x080037a4   0x000001d4   Code   RO          462    i.turretLoop        turret.o
    0x08003978   0x08003978   0x00000018   Code   RO         3484    i.usart1_tx_dma_init  bsp_usart.o
    0x08003990   0x08003990   0x00000062   Code   RO         3745    x$fpl$d2f           fz_wm.l(d2f.o)
    0x080039f2   0x080039f2   0x00000002   PAD
    0x080039f4   0x080039f4   0x00000154   Code   RO         3747    x$fpl$dmul          fz_wm.l(dmul.o)
    0x08003b48   0x08003b48   0x0000009c   Code   RO         3760    x$fpl$dnaninf       fz_wm.l(dnaninf.o)
    0x08003be4   0x08003be4   0x0000000c   Code   RO         3762    x$fpl$dretinf       fz_wm.l(dretinf.o)
    0x08003bf0   0x08003bf0   0x00000056   Code   RO         3751    x$fpl$f2d           fz_wm.l(f2d.o)
    0x08003c46   0x08003c46   0x0000008c   Code   RO         3764    x$fpl$fnaninf       fz_wm.l(fnaninf.o)
    0x08003cd2   0x08003cd2   0x0000000a   Code   RO         3873    x$fpl$fpinit        fz_wm.l(fpinit.o)
    0x08003cdc   0x08003cdc   0x0000000a   Code   RO         3766    x$fpl$fretinf       fz_wm.l(fretinf.o)
    0x08003ce6   0x08003ce6   0x00000000   Code   RO         3768    x$fpl$usenofp       fz_wm.l(usenofp.o)
    0x08003ce6   0x08003ce6   0x00000002   PAD
    0x08003ce8   0x08003ce8   0x00000064   Data   RO          537    .constdata          constants.o
    0x08003d4c   0x08003d4c   0x00000008   Data   RO         2343    .constdata          stm32f4xx_hal_dma.o
    0x08003d54   0x08003d54   0x00000018   Data   RO         3336    .constdata          system_stm32f4xx_1.o
    0x08003d6c   0x08003d6c   0x00000020   Data   RO         3931    Region$$Table       anon$$obj.o


    Execution Region RW_IRAM1 (Exec base: 0x20000000, Load base: 0x08003d8c, Size: 0x000009b0, Max: 0x00020000, ABSOLUTE)

    Exec Addr    Load Addr    Size         Type   Attr      Idx    E Section Name        Object

    0x20000000   0x08003d8c   0x0000000c   Data   RW           16    .data               main.o
    0x2000000c   0x08003d98   0x00000004   Data   RW          232    .data               can.o
    0x20000010   0x08003d9c   0x00000004   Data   RW          464    .data               turret.o
    0x20000014   0x08003da0   0x00000004   Data   RW          506    .data               pid.o
    0x20000018   0x08003da4   0x00000009   Data   RW         2775    .data               stm32f4xx_hal.o
    0x20000021   0x08003dad   0x00000003   PAD
    0x20000024   0x08003db0   0x00000004   Data   RW         3337    .data               system_stm32f4xx_1.o
    0x20000028   0x08003db4   0x00000018   Data   RW         3555    .data               can_receive.o
    0x20000040   0x08003dcc   0x00000002   Data   RW         3692    .data               remote_control.o
    0x20000042   0x08003dce   0x00000002   PAD
    0x20000044        -       0x00000050   Zero   RW          231    .bss                can.o
    0x20000094        -       0x00000140   Zero   RW          416    .bss                usart.o
    0x200001d4        -       0x00000020   Zero   RW          463    .bss                turret.o
    0x200001f4        -       0x00000080   Zero   RW          602    .bss                tim.o
    0x20000274        -       0x00000078   Zero   RW         3554    .bss                can_receive.o
    0x200002ec        -       0x0000005e   Zero   RW         3691    .bss                remote_control.o
    0x2000034a   0x08003dce   0x00000002   PAD
    0x2000034c        -       0x00000060   Zero   RW         3803    .bss                c_w.l(libspace.o)
    0x200003ac   0x08003dce   0x00000004   PAD
    0x200003b0        -       0x00000200   Zero   RW            2    HEAP                startup_stm32f407xx.o
    0x200005b0        -       0x00000400   Zero   RW            1    STACK               startup_stm32f407xx.o


==============================================================================

Image component sizes


      Code (inc. data)   RO Data    RW Data    ZI Data      Debug   Object Name

        92          8          0          0          0     593130   bsp_can.o
       108         16          0          0          0       1013   bsp_fric.o
       156         14          0          0          0       1042   bsp_rc.o
        24          6          0          0          0        489   bsp_usart.o
       488         44          0          4         80       2458   can.o
       660         36          0         24        120     597641   can_receive.o
         2          0          0          0          0        450   chassis.o
         0          0        100          0          0       1761   constants.o
       104          6          0          0          0        822   dma.o
       132          6          0          0          0        891   gpio.o
       366         26          0         12          0     703968   main.o
       274          8          0          4          0       1520   pid.o
       538         36          0          2         94       4683   remote_control.o
        64         26        392          0       1536        860   startup_stm32f407xx.o
       212         36          0          9          0       4669   stm32f4xx_hal.o
      2136          6          0          0          0      14619   stm32f4xx_hal_can.o
       304         22          0          0          0      34563   stm32f4xx_hal_cortex.o
       458         10          8          0          0       2831   stm32f4xx_hal_dma.o
       512         46          0          0          0       1684   stm32f4xx_hal_gpio.o
        72          4          0          0          0        862   stm32f4xx_hal_msp.o
      1732         84          0          0          0       5640   stm32f4xx_hal_rcc.o
      1572         90          0          0          0      13087   stm32f4xx_hal_tim.o
       200          0          0          0          0       2152   stm32f4xx_hal_tim_ex.o
       986          8          0          0          0       1852   stm32f4xx_hal_uart.o
        64         12          0          0          0       5266   stm32f4xx_it.o
       100         18         24          4          0       1203   system_stm32f4xx_1.o
       884         58          0          0        128       3569   tim.o
       860         96          0          4         32       2965   turret.o
       620         64          0          0        320       2661   usart.o

    ----------------------------------------------------------------------
     13746        786        556         68       2312    2008351   Object Totals
         0          0         32          0          0          0   (incl. Generated)
        26          0          0          5          2          0   (incl. Padding)

    ----------------------------------------------------------------------

      Code (inc. data)   RO Data    RW Data    ZI Data      Debug   Library Member Name

         8          0          0          0          0         68   __main.o
         0          0          0          0          0          0   __rtentry.o
        12          0          0          0          0          0   __rtentry2.o
         6          0          0          0          0          0   __rtentry4.o
        52          8          0          0          0          0   __scatter.o
        26          0          0          0          0          0   __scatter_copy.o
        28          0          0          0          0          0   __scatter_zi.o
        18          0          0          0          0         80   exit.o
         6          0          0          0          0        152   heapauxi.o
         0          0          0          0          0          0   indicate_semi.o
         2          0          0          0          0          0   libinit.o
         6          0          0          0          0          0   libinit2.o
         2          0          0          0          0          0   libshutdown.o
         2          0          0          0          0          0   libshutdown2.o
         8          4          0          0         96         68   libspace.o
       238          0          0          0          0        100   lludivv7m.o
        78          0          0          0          0         80   rt_memclr_w.o
         2          0          0          0          0          0   rtexit.o
        10          0          0          0          0          0   rtexit2.o
        12          4          0          0          0         68   sys_exit.o
        74          0          0          0          0         80   sys_stackheap_outer.o
         2          0          0          0          0         68   use_no_semi.o
        98          4          0          0          0        140   d2f.o
       340         12          0          0          0        152   dmul.o
       156          4          0          0          0        140   dnaninf.o
        12          0          0          0          0        116   dretinf.o
        86          4          0          0          0        132   f2d.o
       140          4          0          0          0        132   fnaninf.o
        10          0          0          0          0        116   fpinit.o
        10          0          0          0          0        116   fretinf.o
         0          0          0          0          0          0   usenofp.o

    ----------------------------------------------------------------------
      1454         44          0          0        100       1808   Library Totals
        10          0          0          0          4          0   (incl. Padding)

    ----------------------------------------------------------------------

      Code (inc. data)   RO Data    RW Data    ZI Data      Debug   Library Name

       592         16          0          0         96        764   c_w.l
       852         28          0          0          0       1044   fz_wm.l

    ----------------------------------------------------------------------
      1454         44          0          0        100       1808   Library Totals

    ----------------------------------------------------------------------

==============================================================================


      Code (inc. data)   RO Data    RW Data    ZI Data      Debug   

     15200        830        556         68       2412    1999299   Grand Totals
     15200        830        556         68       2412    1999299   ELF Image Totals
     15200        830        556         68          0          0   ROM Totals

==============================================================================

    Total RO  Size (Code + RO Data)                15756 (  15.39kB)
    Total RW  Size (RW Data + ZI Data)              2480 (   2.42kB)
    Total ROM Size (Code + RO Data + RW Data)      15824 (  15.45kB)

==============================================================================

