<html>
<body>
<pre>
<h1>µVision Build Log</h1>
<h2>Tool Versions:</h2>
IDE-Version: µVision V5.34.0.0
Copyright (C) 2021 ARM Ltd and ARM Germany GmbH. All rights reserved.
License Information: Ben Pera, CU Boulder, LIC=----
 
Tool Versions:
Toolchain:       MDK-Lite  Version: 5.34.0.0
Toolchain Path:  C:\Keil_v5\ARM\ARMCC\Bin
C Compiler:      Armcc.exe V5.06 update 7 (build 960)
Assembler:       Armasm.exe V5.06 update 7 (build 960)
Linker/Locator:  ArmLink.exe V5.06 update 7 (build 960)
Library Manager: ArmAr.exe V5.06 update 7 (build 960)
Hex Converter:   FromElf.exe V5.06 update 7 (build 960)
CPU DLL:         SARMCM3.DLL V5.34.0.0
Dialog DLL:      DCM.DLL V1.17.3.0
Target DLL:      STLink\ST-LINKIII-KEIL_SWO.dll V3.0.8.0
Dialog DLL:      TCM.DLL V1.48.0.0
 
<h2>Project:</h2>
C:\Users\Benja\Documents\GitHub\robomaster-2021\core\MDK-ARM\can.uvprojx
Project File Date:  05/10/2021

<h2>Output:</h2>
*** Using Compiler 'V5.06 update 7 (build 960)', folder: 'C:\Keil_v5\ARM\ARMCC\Bin'
Build target 'can'
Note: source file '../Src/system_stm32f4xx.c' - object file renamed from 'can\system_stm32f4xx.o' to 'can\system_stm32f4xx_1.o'.
assembling startup_stm32f407xx.s...
compiling dma.c...
compiling can.c...
compiling main.c...
../Inc/chassis.h(25): warning:  #1295-D: Deprecated declaration chassisInit - give arg types
  void chassisInit();
../Inc/chassis.h(26): warning:  #1295-D: Deprecated declaration chassisLoop - give arg types
  void chassisLoop();
../Inc/chassis.h(35): warning:  #1-D: last line of file ends without a newline
  #endif
../Inc/pid.h(29): warning:  #1-D: last line of file ends without a newline
  #endif
../Inc/turret.h(24): warning:  #1295-D: Deprecated declaration turretInit - give arg types
  void turretInit();
../Inc/turret.h(25): warning:  #1295-D: Deprecated declaration turretLoop - give arg types
  void turretLoop();
../Inc/turret.h(34): warning:  #1-D: last line of file ends without a newline
  #endif
../Src/main.c: 7 warnings, 0 errors
compiling gpio.c...
compiling stm32f4xx_it.c...
compiling stm32f4xx_hal_msp.c...
compiling usart.c...
compiling pid.c...
../Inc/pid.h(29): warning:  #1-D: last line of file ends without a newline
  #endif
..\Src\pid.c(9): warning:  #1-D: last line of file ends without a newline
  }
..\Src\pid.c: 2 warnings, 0 errors
compiling turret.c...
../Inc/constants.h(30): warning:  #1-D: last line of file ends without a newline
  #endif
../Inc/pid.h(29): warning:  #1-D: last line of file ends without a newline
  #endif
../Inc/turret.h(24): warning:  #1295-D: Deprecated declaration turretInit - give arg types
  void turretInit();
../Inc/turret.h(25): warning:  #1295-D: Deprecated declaration turretLoop - give arg types
  void turretLoop();
../Inc/turret.h(34): warning:  #1-D: last line of file ends without a newline
  #endif
..\Src\turret.c(40): warning:  #1-D: last line of file ends without a newline
  }
..\Src\turret.c: 6 warnings, 0 errors
compiling chassis.c...
../Inc/constants.h(30): warning:  #1-D: last line of file ends without a newline
  #endif
../Inc/chassis.h(25): warning:  #1295-D: Deprecated declaration chassisInit - give arg types
  void chassisInit();
../Inc/chassis.h(26): warning:  #1295-D: Deprecated declaration chassisLoop - give arg types
  void chassisLoop();
../Inc/chassis.h(35): warning:  #1-D: last line of file ends without a newline
  #endif
..\Src\chassis.c(34): warning:  #223-D: function "abs" declared implicitly
  	float max = abs(frontRight);
..\Src\chassis.c(40): warning:  #1035-D: single-precision operand implicitly converted to double-precision
  	if (max > 1.0) {
..\Src\chassis.c(55): warning:  #1-D: last line of file ends without a newline
  }
..\Src\chassis.c: 7 warnings, 0 errors
compiling stm32f4xx_hal_tim_ex.c...
compiling stm32f4xx_hal_tim.c...
compiling stm32f4xx_hal_can.c...
compiling constants.c...
../Inc/constants.h(30): warning:  #1-D: last line of file ends without a newline
  #endif
..\Src\constants.c(19): warning:  #1-D: last line of file ends without a newline
  const float M_ENCODER_GM6020_SCALE = 8191.0;
..\Src\constants.c: 2 warnings, 0 errors
compiling stm32f4xx_hal_rcc.c...
compiling stm32f4xx_hal_rcc_ex.c...
compiling stm32f4xx_hal_flash_ex.c...
compiling stm32f4xx_hal_flash.c...
compiling stm32f4xx_hal_flash_ramfunc.c...
compiling stm32f4xx_hal_gpio.c...
compiling stm32f4xx_hal_dma_ex.c...
compiling stm32f4xx_hal_dma.c...
compiling stm32f4xx_hal_pwr_ex.c...
compiling stm32f4xx_hal_pwr.c...
compiling stm32f4xx_hal_cortex.c...
compiling stm32f4xx_hal_exti.c...
compiling stm32f4xx_hal.c...
compiling stm32f4xx_hal_uart.c...
compiling bsp_rc.c...
compiling system_stm32f4xx.c...
compiling bsp_can.c...
compiling CAN_receive.c...
compiling bsp_usart.c...
compiling remote_control.c...
linking...
Program Size: Code=10412 RO-data=504 RW-data=44 ZI-data=2284  
FromELF: creating hex file...
"can\can.axf" - 0 Error(s), 24 Warning(s).

<h2>Software Packages used:</h2>

Package Vendor: ARM
                http://www.keil.com/pack/ARM.CMSIS.5.7.0.pack
                ARM.CMSIS.5.7.0
                CMSIS (Cortex Microcontroller Software Interface Standard)
   * Component: CORE Version: 5.4.0

Package Vendor: Keil
                http://www.keil.com/pack/Keil.STM32F4xx_DFP.2.15.0.pack
                Keil.STM32F4xx_DFP.2.15.0
                STMicroelectronics STM32F4 Series Device Support, Drivers and Examples

<h2>Collection of Component include folders:</h2>
  .\RTE\_can
  C:\Users\Benja\AppData\Local\Arm\Packs\ARM\CMSIS\5.7.0\CMSIS\Core\Include
  C:\Users\Benja\AppData\Local\Arm\Packs\Keil\STM32F4xx_DFP\2.15.0\Drivers\CMSIS\Device\ST\STM32F4xx\Include

<h2>Collection of Component Files used:</h2>

   * Component: ARM::CMSIS:CORE:5.4.0
Build Time Elapsed:  00:00:05
</pre>
</body>
</html>
