<html>
<body>
<pre>
<h1>µVision Build Log</h1>
<h2>Tool Versions:</h2>
IDE-Version: µVision V5.34.0.0
Copyright (C) 2021 ARM Ltd and ARM Germany GmbH. All rights reserved.
License Information: Ben Pera, CU Boulder, LIC=----
 
Tool Versions:
Toolchain:       MDK-Lite  Version: 5.34.0.0
Toolchain Path:  C:\Keil_v5\ARM\ARMCC\Bin
C Compiler:      Armcc.exe V5.06 update 7 (build 960)
Assembler:       Armasm.exe V5.06 update 7 (build 960)
Linker/Locator:  ArmLink.exe V5.06 update 7 (build 960)
Library Manager: ArmAr.exe V5.06 update 7 (build 960)
Hex Converter:   FromElf.exe V5.06 update 7 (build 960)
CPU DLL:         SARMCM3.DLL V5.34.0.0
Dialog DLL:      DCM.DLL V1.17.3.0
Target DLL:      STLink\ST-LINKIII-KEIL_SWO.dll V3.0.8.0
Dialog DLL:      TCM.DLL V1.48.0.0
 
<h2>Project:</h2>
C:\Users\Benja\Documents\GitHub\robomaster-2021\core\MDK-ARM\can.uvprojx
Project File Date:  05/10/2021

<h2>Output:</h2>
*** Using Compiler 'V5.06 update 7 (build 960)', folder: 'C:\Keil_v5\ARM\ARMCC\Bin'
Build target 'can'
Note: source file '../Src/system_stm32f4xx.c' - object file renamed from 'can\system_stm32f4xx.o' to 'can\system_stm32f4xx_1.o'.
compiling turret.c...
../Inc/constants.h(30): warning:  #1-D: last line of file ends without a newline
  #endif
../Inc/pid.h(29): warning:  #1-D: last line of file ends without a newline
  #endif
../Inc/turret.h(24): warning:  #1295-D: Deprecated declaration turretInit - give arg types
  void turretInit();
../Inc/turret.h(25): warning:  #1295-D: Deprecated declaration turretLoop - give arg types
  void turretLoop();
../Inc/turret.h(34): warning:  #1-D: last line of file ends without a newline
  #endif
..\Src\turret.c(23): warning:  #1035-D: single-precision operand implicitly converted to double-precision
      float yawSetpoint = 2.0 * M_PI * (control_input->rc.ch[M_CONTROLLER_X_AXIS] / M_CONTROLLER_JOYSTICK_SCALE);
..\Src\turret.c(24): warning:  #1035-D: single-precision operand implicitly converted to double-precision
      float pitchSetpoint = 2.0 * M_PI * (control_input->rc.ch[M_CONTROLLER_Y_AXIS] / M_CONTROLLER_JOYSTICK_SCALE);
..\Src\turret.c(33): warning:  #1035-D: single-precision operand implicitly converted to double-precision
      float yawPosition = 2.0 * M_PI * (get_yaw_gimbal_motor_measure_point()->ecd / M_ENCODER_GM6020_SCALE);
..\Src\turret.c(34): warning:  #1035-D: single-precision operand implicitly converted to double-precision
      float pitchPosition = 2.0 * M_PI * (get_pitch_gimbal_motor_measure_point()->ecd / M_ENCODER_GM6020_SCALE);
..\Src\turret.c(41): warning:  #1-D: last line of file ends without a newline
  }
..\Src\turret.c: 10 warnings, 0 errors
linking...
Program Size: Code=11132 RO-data=504 RW-data=44 ZI-data=2284  
FromELF: creating hex file...
"can\can.axf" - 0 Error(s), 10 Warning(s).

<h2>Software Packages used:</h2>

Package Vendor: ARM
                http://www.keil.com/pack/ARM.CMSIS.5.7.0.pack
                ARM.CMSIS.5.7.0
                CMSIS (Cortex Microcontroller Software Interface Standard)
   * Component: CORE Version: 5.4.0

Package Vendor: Keil
                http://www.keil.com/pack/Keil.STM32F4xx_DFP.2.15.0.pack
                Keil.STM32F4xx_DFP.2.15.0
                STMicroelectronics STM32F4 Series Device Support, Drivers and Examples

<h2>Collection of Component include folders:</h2>
  .\RTE\_can
  C:\Users\Benja\AppData\Local\Arm\Packs\ARM\CMSIS\5.7.0\CMSIS\Core\Include
  C:\Users\Benja\AppData\Local\Arm\Packs\Keil\STM32F4xx_DFP\2.15.0\Drivers\CMSIS\Device\ST\STM32F4xx\Include

<h2>Collection of Component Files used:</h2>

   * Component: ARM::CMSIS:CORE:5.4.0
Build Time Elapsed:  00:00:01
</pre>
</body>
</html>
